Archive member included to satisfy reference by file (symbol)

c:/program files (x86)/atmel/studio/7.0/toolchain/avr8/avr8-gnu-toolchain/bin/../lib/gcc/avr/5.4.0/../../../../avr/lib/avr5\libm.a(addsf3.o)
                              Sketch.o (__addsf3)
c:/program files (x86)/atmel/studio/7.0/toolchain/avr8/avr8-gnu-toolchain/bin/../lib/gcc/avr/5.4.0/../../../../avr/lib/avr5\libm.a(addsf3x.o)
                              c:/program files (x86)/atmel/studio/7.0/toolchain/avr8/avr8-gnu-toolchain/bin/../lib/gcc/avr/5.4.0/../../../../avr/lib/avr5\libm.a(addsf3.o) (__addsf3x)
c:/program files (x86)/atmel/studio/7.0/toolchain/avr8/avr8-gnu-toolchain/bin/../lib/gcc/avr/5.4.0/../../../../avr/lib/avr5\libm.a(floatsisf.o)
                              Sketch.o (__floatunsisf)
c:/program files (x86)/atmel/studio/7.0/toolchain/avr8/avr8-gnu-toolchain/bin/../lib/gcc/avr/5.4.0/../../../../avr/lib/avr5\libm.a(fp_inf.o)
                              c:/program files (x86)/atmel/studio/7.0/toolchain/avr8/avr8-gnu-toolchain/bin/../lib/gcc/avr/5.4.0/../../../../avr/lib/avr5\libm.a(addsf3x.o) (__fp_inf)
c:/program files (x86)/atmel/studio/7.0/toolchain/avr8/avr8-gnu-toolchain/bin/../lib/gcc/avr/5.4.0/../../../../avr/lib/avr5\libm.a(fp_nan.o)
                              c:/program files (x86)/atmel/studio/7.0/toolchain/avr8/avr8-gnu-toolchain/bin/../lib/gcc/avr/5.4.0/../../../../avr/lib/avr5\libm.a(addsf3x.o) (__fp_nan)
c:/program files (x86)/atmel/studio/7.0/toolchain/avr8/avr8-gnu-toolchain/bin/../lib/gcc/avr/5.4.0/../../../../avr/lib/avr5\libm.a(fp_pscA.o)
                              c:/program files (x86)/atmel/studio/7.0/toolchain/avr8/avr8-gnu-toolchain/bin/../lib/gcc/avr/5.4.0/../../../../avr/lib/avr5\libm.a(addsf3x.o) (__fp_pscA)
c:/program files (x86)/atmel/studio/7.0/toolchain/avr8/avr8-gnu-toolchain/bin/../lib/gcc/avr/5.4.0/../../../../avr/lib/avr5\libm.a(fp_pscB.o)
                              c:/program files (x86)/atmel/studio/7.0/toolchain/avr8/avr8-gnu-toolchain/bin/../lib/gcc/avr/5.4.0/../../../../avr/lib/avr5\libm.a(addsf3x.o) (__fp_pscB)
c:/program files (x86)/atmel/studio/7.0/toolchain/avr8/avr8-gnu-toolchain/bin/../lib/gcc/avr/5.4.0/../../../../avr/lib/avr5\libm.a(fp_round.o)
                              c:/program files (x86)/atmel/studio/7.0/toolchain/avr8/avr8-gnu-toolchain/bin/../lib/gcc/avr/5.4.0/../../../../avr/lib/avr5\libm.a(addsf3.o) (__fp_round)
c:/program files (x86)/atmel/studio/7.0/toolchain/avr8/avr8-gnu-toolchain/bin/../lib/gcc/avr/5.4.0/../../../../avr/lib/avr5\libm.a(fp_split3.o)
                              c:/program files (x86)/atmel/studio/7.0/toolchain/avr8/avr8-gnu-toolchain/bin/../lib/gcc/avr/5.4.0/../../../../avr/lib/avr5\libm.a(addsf3x.o) (__fp_split3)
c:/program files (x86)/atmel/studio/7.0/toolchain/avr8/avr8-gnu-toolchain/bin/../lib/gcc/avr/5.4.0/../../../../avr/lib/avr5\libm.a(fp_zero.o)
                              c:/program files (x86)/atmel/studio/7.0/toolchain/avr8/avr8-gnu-toolchain/bin/../lib/gcc/avr/5.4.0/../../../../avr/lib/avr5\libm.a(addsf3x.o) (__fp_zero)
c:/program files (x86)/atmel/studio/7.0/toolchain/avr8/avr8-gnu-toolchain/bin/../lib/gcc/avr/5.4.0/../../../../avr/lib/avr5\libm.a(mulsf3.o)
                              Sketch.o (__mulsf3)
c:/program files (x86)/atmel/studio/7.0/toolchain/avr8/avr8-gnu-toolchain/bin/../lib/gcc/avr/5.4.0/../../../../avr/lib/avr5\libm.a(mulsf3x.o)
                              c:/program files (x86)/atmel/studio/7.0/toolchain/avr8/avr8-gnu-toolchain/bin/../lib/gcc/avr/5.4.0/../../../../avr/lib/avr5\libm.a(mulsf3.o) (__mulsf3x)
C:\Users\mpark\DOCUME~1\Atmel Studio\7.0\MicrochipXplainedHorticulture\MicrochipXplainedHorticulture\ArduinoCore\Debug\libArduinoCore.a(HardwareSerial.o)
                              Sketch.o (_ZN14HardwareSerial5beginEmh)
C:\Users\mpark\DOCUME~1\Atmel Studio\7.0\MicrochipXplainedHorticulture\MicrochipXplainedHorticulture\ArduinoCore\Debug\libArduinoCore.a(HardwareSerial0.o)
                              Sketch.o (Serial)
C:\Users\mpark\DOCUME~1\Atmel Studio\7.0\MicrochipXplainedHorticulture\MicrochipXplainedHorticulture\ArduinoCore\Debug\libArduinoCore.a(IPAddress.o)
                              Sketch.o (_ZN9IPAddressC1Ehhhh)
C:\Users\mpark\DOCUME~1\Atmel Studio\7.0\MicrochipXplainedHorticulture\MicrochipXplainedHorticulture\ArduinoCore\Debug\libArduinoCore.a(main.o)
                              C:/Program Files (x86)/Atmel/Studio/7.0/Packs/atmel/ATmega_DFP/1.3.300/gcc/dev/atmega328p/avr5/crtatmega328p.o (main)
C:\Users\mpark\DOCUME~1\Atmel Studio\7.0\MicrochipXplainedHorticulture\MicrochipXplainedHorticulture\ArduinoCore\Debug\libArduinoCore.a(Print.o)
                              C:\Users\mpark\DOCUME~1\Atmel Studio\7.0\MicrochipXplainedHorticulture\MicrochipXplainedHorticulture\ArduinoCore\Debug\libArduinoCore.a(HardwareSerial.o) (_ZN5Print5writeEPKhj)
[...]
Memory Configuration

Name             Origin             Length             Attributes
text             0x00000000         0x00020000         xr
data             0x00800060         0x0000ffa0         rw !x
eeprom           0x00810000         0x00010000         rw !x
fuse             0x00820000         0x00000003         rw !x
lock             0x00830000         0x00000400         rw !x
signature        0x00840000         0x00000400         rw !x
user_signatures  0x00850000         0x00000400         rw !x
*default*        0x00000000         0xffffffff

Linker script and memory map

Address of section .data set to 0x800100
LOAD C:/Program Files (x86)/Atmel/Studio/7.0/Packs/atmel/ATmega_DFP/1.3.300/gcc/dev/atmega328p/avr5/crtatmega328p.o
LOAD Sketch.o
START GROUP
LOAD c:/program files (x86)/atmel/studio/7.0/toolchain/avr8/avr8-gnu-toolchain/bin/../lib/gcc/avr/5.4.0/../../../../avr/lib/avr5\libm.a
LOAD C:\Users\mpark\DOCUME~1\Atmel Studio\7.0\MicrochipXplainedHorticulture\MicrochipXplainedHorticulture\ArduinoCore\Debug\libArduinoCore.a
END GROUP
LOAD c:/program files (x86)/atmel/studio/7.0/toolchain/avr8/avr8-gnu-toolchain/bin/../lib/gcc/avr/5.4.0/avr5\libgcc.a
LOAD c:/program files (x86)/atmel/studio/7.0/toolchain/avr8/avr8-gnu-toolchain/bin/../lib/gcc/avr/5.4.0/../../../../avr/lib/avr5\libm.a
START GROUP
LOAD c:/program files (x86)/atmel/studio/7.0/toolchain/avr8/avr8-gnu-toolchain/bin/../lib/gcc/avr/5.4.0/avr5\libgcc.a
LOAD c:/program files (x86)/atmel/studio/7.0/toolchain/avr8/avr8-gnu-toolchain/bin/../lib/gcc/avr/5.4.0/../../../../avr/lib/avr5\libm.a
LOAD c:/program files (x86)/atmel/studio/7.0/toolchain/avr8/avr8-gnu-toolchain/bin/../lib/gcc/avr/5.4.0/../../../../avr/lib/avr5\libc.a
LOAD C:/Program Files (x86)/Atmel/Studio/7.0/Packs/atmel/ATmega_DFP/1.3.300/gcc/dev/atmega328p/avr5\libatmega328p.a
END GROUP
                0x00020000                __TEXT_REGION_LENGTH__ = DEFINED (__TEXT_REGION_LENGTH__)?__TEXT_REGION_LENGTH__:0x20000
                0x0000ffa0                __DATA_REGION_LENGTH__ = DEFINED (__DATA_REGION_LENGTH__)?__DATA_REGION_LENGTH__:0xffa0
                0x00010000                __EEPROM_REGION_LENGTH__ = DEFINED (__EEPROM_REGION_LENGTH__)?__EEPROM_REGION_LENGTH__:0x10000
                [0x00000003]                __FUSE_REGION_LENGTH__ = DEFINED (__FUSE_REGION_LENGTH__)?__FUSE_REGION_LENGTH__:0x400
                0x00000400                __LOCK_REGION_LENGTH__ = DEFINED (__LOCK_REGION_LENGTH__)?__LOCK_REGION_LENGTH__:0x400
                0x00000400                __SIGNATURE_REGION_LENGTH__ = DEFINED (__SIGNATURE_REGION_LENGTH__)?__SIGNATURE_REGION_LENGTH__:0x400
                0x00000400                __USER_SIGNATURE_REGION_LENGTH__ = DEFINED (__USER_SIGNATURE_REGION_LENGTH__)?__USER_SIGNATURE_REGION_LENGTH__:0x400

.hash
 *(.hash)

.dynsym
 *(.dynsym)

.dynstr
 *(.dynstr)

.gnu.version
 *(.gnu.version)

.gnu.version_d
 *(.gnu.version_d)

.gnu.version_r
 *(.gnu.version_r)

.rel.init
 *(.rel.init)

.rela.init
 *(.rela.init)

.rel.text
 *(.rel.text)
 *(.rel.text.*)
 *(.rel.gnu.linkonce.t*)

.rela.text
 *(.rela.text)
 *(.rela.text.*)
 *(.rela.gnu.linkonce.t*)

.rel.fini
 *(.rel.fini)

.rela.fini
 *(.rela.fini)

.rel.rodata
 *(.rel.rodata)
 *(.rel.rodata.*)
 *(.rel.gnu.linkonce.r*)

.rela.rodata
 *(.rela.rodata)
 *(.rela.rodata.*)
 *(.rela.gnu.linkonce.r*)

.rel.data
 *(.rel.data)
 *(.rel.data.*)
 *(.rel.gnu.linkonce.d*)

.rela.data
 *(.rela.data)
 *(.rela.data.*)
 *(.rela.gnu.linkonce.d*)

.rel.ctors
 *(.rel.ctors)

.rela.ctors
 *(.rela.ctors)

.rel.dtors
 *(.rel.dtors)

.rela.dtors
 *(.rela.dtors)

.rel.got
 *(.rel.got)

.rela.got
 *(.rela.got)

.rel.bss
 *(.rel.bss)

.rela.bss
 *(.rela.bss)

.rel.plt
 *(.rel.plt)

.rela.plt
 *(.rela.plt)

.text           0x00000000     0x76b6
 *(.vectors)
 .vectors       0x00000000       0x68 C:/Program Files (x86)/Atmel/Studio/7.0/Packs/atmel/ATmega_DFP/1.3.300/gcc/dev/atmega328p/avr5/crtatmega328p.o
                0x00000000                __vector_default
                0x00000000                __vectors
 *(.vectors)
 *(.progmem.gcc*)
                0x00000068                . = ALIGN (0x2)
                0x00000068                __trampolines_start = .
 *(.trampolines)
 .trampolines   0x00000068        0x0 linker stubs
 *(.trampolines*)
                0x00000068                __trampolines_end = .
 *libprintf_flt.a:*(.progmem.data)
 *libc.a:*(.progmem.data)
 .progmem.data  0x00000068       0xfa c:/program files (x86)/atmel/studio/7.0/toolchain/avr8/avr8-gnu-toolchain/bin/../lib/gcc/avr/5.4.0/../../../../avr/lib/avr5\libc.a(ftoa_engine.o)
 *(.progmem*)
 .progmem.data._ZZ14heartbeat_loopvE3__c_1
                0x00000162       0x1e Sketch.o
 .progmem.data._ZZ14heartbeat_loopvE3__c_0
                0x00000180        0xb Sketch.o
 .progmem.data._ZZ14heartbeat_loopvE3__c
                0x0000018b       0x14 Sketch.o
 .progmem.data._ZZ11sensor_loopvE3__c_0
                0x0000019f       0x20 Sketch.o
 .progmem.data._ZZ11sensor_loopvE3__c
                0x000001bf       0x11 Sketch.o
 .progmem.data._ZZ11connectMQTTvE3__c_4
                0x000001d0       0x1c Sketch.o
 .progmem.data._ZZ11connectMQTTvE3__c_3
                0x000001ec       0x14 Sketch.o
 .progmem.data._ZZ11connectMQTTvE3__c_2
                0x00000200       0x14 Sketch.o
 .progmem.data._ZZ11connectMQTTvE3__c_1
                0x00000214       0x18 Sketch.o
 .progmem.data._ZZ11connectMQTTvE3__c_0
                0x0000022c       0x23 Sketch.o
 .progmem.data._ZZ11connectMQTTvE3__c
                0x0000024f       0x19 Sketch.o
 .progmem.data._ZZ8callbackPcPhjE3__c
                0x00000268       0x15 Sketch.o
 .progmem.data._ZZ5setupE3__c_10
                0x0000027d       0x1d Sketch.o
 .progmem.data._ZZ5setupE3__c_9
                0x0000029a       0x1d Sketch.o
 .progmem.data._ZZ5setupE3__c_8
                0x000002b7       0x26 Sketch.o
 .progmem.data._ZZ5setupE3__c_7
                0x000002dd       0x31 Sketch.o
 .progmem.data._ZZ5setupE3__c_6
                0x0000030e       0x1c Sketch.o
 .progmem.data._ZZ5setupE3__c_5
                0x0000032a       0x29 Sketch.o
 .progmem.data._ZZ5setupE3__c_4
                0x00000353       0x34 Sketch.o
 .progmem.data._ZZ5setupE3__c_3
                0x00000387       0x1f Sketch.o
 .progmem.data._ZZ5setupE3__c_2
                0x000003a6       0x13 Sketch.o
 .progmem.data._ZZ5setupE3__c_1
                0x000003b9       0x1d Sketch.o
 .progmem.data._ZZ5setupE3__c_0
                0x000003d6       0x29 Sketch.o
 .progmem.data._ZZ5setupE3__c
                0x000003ff       0x22 Sketch.o
 .progmem.data.digital_pin_to_timer_PGM
                0x00000421       0x15 C:\Users\mpark\DOCUME~1\Atmel Studio\7.0\MicrochipXplainedHorticulture\MicrochipXplainedHorticulture\ArduinoCore\Debug\libArduinoCore.a(wiring_digital.o)
                0x00000421                digital_pin_to_timer_PGM
 .progmem.data.digital_pin_to_bit_mask_PGM
                0x00000436       0x15 C:\Users\mpark\DOCUME~1\Atmel Studio\7.0\MicrochipXplainedHorticulture\MicrochipXplainedHorticulture\ArduinoCore\Debug\libArduinoCore.a(wiring_digital.o)
                0x00000436                digital_pin_to_bit_mask_PGM
 .progmem.data.digital_pin_to_port_PGM
                0x0000044b       0x15 C:\Users\mpark\DOCUME~1\Atmel Studio\7.0\MicrochipXplainedHorticulture\MicrochipXplainedHorticulture\ArduinoCore\Debug\libArduinoCore.a(wiring_digital.o)
                0x0000044b                digital_pin_to_port_PGM
 .progmem.data.port_to_input_PGM
                0x00000460        0xa C:\Users\mpark\DOCUME~1\Atmel Studio\7.0\MicrochipXplainedHorticulture\MicrochipXplainedHorticulture\ArduinoCore\Debug\libArduinoCore.a(wiring_digital.o)
                0x00000460                port_to_input_PGM
 .progmem.data.port_to_output_PGM
                0x0000046a        0xa C:\Users\mpark\DOCUME~1\Atmel Studio\7.0\MicrochipXplainedHorticulture\MicrochipXplainedHorticulture\ArduinoCore\Debug\libArduinoCore.a(wiring_digital.o)
                0x0000046a                port_to_output_PGM
 .progmem.data.port_to_mode_PGM
                0x00000474        0xa C:\Users\mpark\DOCUME~1\Atmel Studio\7.0\MicrochipXplainedHorticulture\MicrochipXplainedHorticulture\ArduinoCore\Debug\libArduinoCore.a(wiring_digital.o)
                0x00000474                port_to_mode_PGM
 .progmem.data._ZZN12WiFiEspClass4initEP6StreamE3__c
                0x0000047e       0x18 C:\Users\mpark\DOCUME~1\Atmel Studio\7.0\MicrochipXplainedHorticulture\MicrochipXplainedHorticulture\ArduinoCore\Debug\libArduinoCore.a(WiFiEsp.o)
 .progmem.data._ZZN13WiFiEspClient4stopEvE3__c
                0x00000496        0xf C:\Users\mpark\DOCUME~1\Atmel Studio\7.0\MicrochipXplainedHorticulture\MicrochipXplainedHorticulture\ArduinoCore\Debug\libArduinoCore.a(WiFiEspClient.o)
 .progmem.data._ZZN13WiFiEspClient5writeEPKhjE3__c
                0x000004a5       0x1a C:\Users\mpark\DOCUME~1\Atmel Studio\7.0\MicrochipXplainedHorticulture\MicrochipXplainedHorticulture\ArduinoCore\Debug\libArduinoCore.a(WiFiEspClient.o)
 .progmem.data._ZZN13WiFiEspClient7connectEPKcjhE3__c_0
                0x000004bf       0x14 C:\Users\mpark\DOCUME~1\Atmel Studio\7.0\MicrochipXplainedHorticulture\MicrochipXplainedHorticulture\ArduinoCore\Debug\libArduinoCore.a(WiFiEspClient.o)
 .progmem.data._ZZN13WiFiEspClient7connectEPKcjhE3__c
                0x000004d3        0xe C:\Users\mpark\DOCUME~1\Atmel Studio\7.0\MicrochipXplainedHorticulture\MicrochipXplainedHorticulture\ArduinoCore\Debug\libArduinoCore.a(WiFiEspClient.o)
 .progmem.data._ZZN13WiFiEspClient7connectE9IPAddressjE3__c
                0x000004e1        0xc C:\Users\mpark\DOCUME~1\Atmel Studio\7.0\MicrochipXplainedHorticulture\MicrochipXplainedHorticulture\ArduinoCore\Debug\libArduinoCore.a(WiFiEspClient.o)
 .progmem.data._ZZN6EspDrv9readUntilEiPKcbE3__c
                0x000004ed       0x10 C:\Users\mpark\DOCUME~1\Atmel Studio\7.0\MicrochipXplainedHorticulture\MicrochipXplainedHorticulture\ArduinoCore\Debug\libArduinoCore.a(EspDrv.o)
 .progmem.data._ZZN6EspDrv10sendCmdGetEPK19__FlashStringHelperPKcS4_PciE3__c_3
                0x000004fd        0xd C:\Users\mpark\DOCUME~1\Atmel Studio\7.0\MicrochipXplainedHorticulture\MicrochipXplainedHorticulture\ArduinoCore\Debug\libArduinoCore.a(EspDrv.o)
 .progmem.data._ZZN6EspDrv10sendCmdGetEPK19__FlashStringHelperPKcS4_PciE3__c_1
                0x0000050a       0x12 C:\Users\mpark\DOCUME~1\Atmel Studio\7.0\MicrochipXplainedHorticulture\MicrochipXplainedHorticulture\ArduinoCore\Debug\libArduinoCore.a(EspDrv.o)
 .progmem.data._ZZN6EspDrv8sendDataEhPKhjE3__c_2
                0x0000051c       0x1b C:\Users\mpark\DOCUME~1\Atmel Studio\7.0\MicrochipXplainedHorticulture\MicrochipXplainedHorticulture\ArduinoCore\Debug\libArduinoCore.a(EspDrv.o)
 .progmem.data._ZZN6EspDrv8sendDataEhPKhjE3__c_1
                0x00000537       0x1b C:\Users\mpark\DOCUME~1\Atmel Studio\7.0\MicrochipXplainedHorticulture\MicrochipXplainedHorticulture\ArduinoCore\Debug\libArduinoCore.a(EspDrv.o)
 .progmem.data._ZZN6EspDrv8sendDataEhPKhjE3__c_0
                0x00000552       0x11 C:\Users\mpark\DOCUME~1\Atmel Studio\7.0\MicrochipXplainedHorticulture\MicrochipXplainedHorticulture\ArduinoCore\Debug\libArduinoCore.a(EspDrv.o)
 .progmem.data._ZZN6EspDrv7getDataEhPhbPbE3__c_1
                0x00000563        0x9 C:\Users\mpark\DOCUME~1\Atmel Studio\7.0\MicrochipXplainedHorticulture\MicrochipXplainedHorticulture\ArduinoCore\Debug\libArduinoCore.a(EspDrv.o)
 .progmem.data._ZZN6EspDrv7getDataEhPhbPbE3__c
                0x0000056c       0x15 C:\Users\mpark\DOCUME~1\Atmel Studio\7.0\MicrochipXplainedHorticulture\MicrochipXplainedHorticulture\ArduinoCore\Debug\libArduinoCore.a(EspDrv.o)
 .progmem.data._ZZN6EspDrv10stopClientEhE3__c_0
                0x00000581        0xf C:\Users\mpark\DOCUME~1\Atmel Studio\7.0\MicrochipXplainedHorticulture\MicrochipXplainedHorticulture\ArduinoCore\Debug\libArduinoCore.a(EspDrv.o)
 .progmem.data._ZZN6EspDrv11startClientEPKcjhhE3__c_3
                0x00000590       0x21 C:\Users\mpark\DOCUME~1\Atmel Studio\7.0\MicrochipXplainedHorticulture\MicrochipXplainedHorticulture\ArduinoCore\Debug\libArduinoCore.a(EspDrv.o)
 .progmem.data._ZZN6EspDrv11startClientEPKcjhhE3__c_2
                0x000005b1       0x1d C:\Users\mpark\DOCUME~1\Atmel Studio\7.0\MicrochipXplainedHorticulture\MicrochipXplainedHorticulture\ArduinoCore\Debug\libArduinoCore.a(EspDrv.o)
 .progmem.data._ZZN6EspDrv11startClientEPKcjhhE3__c_1
                0x000005ce       0x13 C:\Users\mpark\DOCUME~1\Atmel Studio\7.0\MicrochipXplainedHorticulture\MicrochipXplainedHorticulture\ArduinoCore\Debug\libArduinoCore.a(EspDrv.o)
 .progmem.data._ZZN6EspDrv11startClientEPKcjhhE3__c_0
                0x000005e1       0x1d C:\Users\mpark\DOCUME~1\Atmel Studio\7.0\MicrochipXplainedHorticulture\MicrochipXplainedHorticulture\ArduinoCore\Debug\libArduinoCore.a(EspDrv.o)
 .progmem.data._ZZN6EspDrv12getFwVersionEvE3__c_0
                0x000005fe        0x7 C:\Users\mpark\DOCUME~1\Atmel Studio\7.0\MicrochipXplainedHorticulture\MicrochipXplainedHorticulture\ArduinoCore\Debug\libArduinoCore.a(EspDrv.o)
 .progmem.data._ZZN6EspDrv12getFwVersionEvE3__c_1
                0x00000605        0xd C:\Users\mpark\DOCUME~1\Atmel Studio\7.0\MicrochipXplainedHorticulture\MicrochipXplainedHorticulture\ArduinoCore\Debug\libArduinoCore.a(EspDrv.o)
 .progmem.data._ZZN6EspDrv12getFwVersionEvE3__c_2
                0x00000612        0x3 C:\Users\mpark\DOCUME~1\Atmel Studio\7.0\MicrochipXplainedHorticulture\MicrochipXplainedHorticulture\ArduinoCore\Debug\libArduinoCore.a(EspDrv.o)
 .progmem.data._ZZN6EspDrv14getClientStateEhE3__c_1
                0x00000615        0xd C:\Users\mpark\DOCUME~1\Atmel Studio\7.0\MicrochipXplainedHorticulture\MicrochipXplainedHorticulture\ArduinoCore\Debug\libArduinoCore.a(EspDrv.o)
 .progmem.data._ZZN6EspDrv14getClientStateEhE3__c_0
                0x00000622        0xf C:\Users\mpark\DOCUME~1\Atmel Studio\7.0\MicrochipXplainedHorticulture\MicrochipXplainedHorticulture\ArduinoCore\Debug\libArduinoCore.a(EspDrv.o)
 .progmem.data._ZZN6EspDrv19getConnectionStatusEvE3__c_0
                0x00000631        0xd C:\Users\mpark\DOCUME~1\Atmel Studio\7.0\MicrochipXplainedHorticulture\MicrochipXplainedHorticulture\ArduinoCore\Debug\libArduinoCore.a(EspDrv.o)
 .progmem.data._ZZN6EspDrv19getConnectionStatusEvE3__c_1
                0x0000063e        0x8 C:\Users\mpark\DOCUME~1\Atmel Studio\7.0\MicrochipXplainedHorticulture\MicrochipXplainedHorticulture\ArduinoCore\Debug\libArduinoCore.a(EspDrv.o)
 .progmem.data._ZZN6EspDrv19getConnectionStatusEvE3__c_2
                0x00000646        0x3 C:\Users\mpark\DOCUME~1\Atmel Studio\7.0\MicrochipXplainedHorticulture\MicrochipXplainedHorticulture\ArduinoCore\Debug\libArduinoCore.a(EspDrv.o)
 .progmem.data._ZZN6EspDrv11wifiConnectEPKcS1_E3__c_2
                0x00000649       0x15 C:\Users\mpark\DOCUME~1\Atmel Studio\7.0\MicrochipXplainedHorticulture\MicrochipXplainedHorticulture\ArduinoCore\Debug\libArduinoCore.a(EspDrv.o)
 .progmem.data._ZZN6EspDrv11wifiConnectEPKcS1_E3__c_1
                0x0000065e        0xd C:\Users\mpark\DOCUME~1\Atmel Studio\7.0\MicrochipXplainedHorticulture\MicrochipXplainedHorticulture\ArduinoCore\Debug\libArduinoCore.a(EspDrv.o)
 .progmem.data._ZZN6EspDrv11wifiConnectEPKcS1_E3__c_0
                0x0000066b       0x17 C:\Users\mpark\DOCUME~1\Atmel Studio\7.0\MicrochipXplainedHorticulture\MicrochipXplainedHorticulture\ArduinoCore\Debug\libArduinoCore.a(EspDrv.o)
 .progmem.data._ZZN6EspDrv5resetEvE3__c_6
                0x00000682        0xe C:\Users\mpark\DOCUME~1\Atmel Studio\7.0\MicrochipXplainedHorticulture\MicrochipXplainedHorticulture\ArduinoCore\Debug\libArduinoCore.a(EspDrv.o)
 .progmem.data._ZZN6EspDrv5resetEvE3__c_5
                0x00000690       0x10 C:\Users\mpark\DOCUME~1\Atmel Studio\7.0\MicrochipXplainedHorticulture\MicrochipXplainedHorticulture\ArduinoCore\Debug\libArduinoCore.a(EspDrv.o)
 .progmem.data._ZZN6EspDrv5resetEvE3__c_4
                0x000006a0        0xe C:\Users\mpark\DOCUME~1\Atmel Studio\7.0\MicrochipXplainedHorticulture\MicrochipXplainedHorticulture\ArduinoCore\Debug\libArduinoCore.a(EspDrv.o)
 .progmem.data._ZZN6EspDrv5resetEvE3__c_3
                0x000006ae        0xc C:\Users\mpark\DOCUME~1\Atmel Studio\7.0\MicrochipXplainedHorticulture\MicrochipXplainedHorticulture\ArduinoCore\Debug\libArduinoCore.a(EspDrv.o)
 .progmem.data._ZZN6EspDrv5resetEvE3__c_2
                0x000006ba        0xc C:\Users\mpark\DOCUME~1\Atmel Studio\7.0\MicrochipXplainedHorticulture\MicrochipXplainedHorticulture\ArduinoCore\Debug\libArduinoCore.a(EspDrv.o)
 .progmem.data._ZZN6EspDrv5resetEvE3__c_1
                0x000006c6        0x5 C:\Users\mpark\DOCUME~1\Atmel Studio\7.0\MicrochipXplainedHorticulture\MicrochipXplainedHorticulture\ArduinoCore\Debug\libArduinoCore.a(EspDrv.o)
 .progmem.data._ZZN6EspDrv5resetEvE3__c_0
                0x000006cb        0x7 C:\Users\mpark\DOCUME~1\Atmel Studio\7.0\MicrochipXplainedHorticulture\MicrochipXplainedHorticulture\ArduinoCore\Debug\libArduinoCore.a(EspDrv.o)
 .progmem.data._ZZN6EspDrv14wifiDriverInitEP6StreamE3__c_3
                0x000006d2       0x1b C:\Users\mpark\DOCUME~1\Atmel Studio\7.0\MicrochipXplainedHorticulture\MicrochipXplainedHorticulture\ArduinoCore\Debug\libArduinoCore.a(EspDrv.o)
 .progmem.data._ZZN6EspDrv14wifiDriverInitEP6StreamE3__c_2
                0x000006ed       0x1e C:\Users\mpark\DOCUME~1\Atmel Studio\7.0\MicrochipXplainedHorticulture\MicrochipXplainedHorticulture\ArduinoCore\Debug\libArduinoCore.a(EspDrv.o)
 .progmem.data._ZZN6EspDrv14wifiDriverInitEP6StreamE3__c_1
                0x0000070b       0x1d C:\Users\mpark\DOCUME~1\Atmel Studio\7.0\MicrochipXplainedHorticulture\MicrochipXplainedHorticulture\ArduinoCore\Debug\libArduinoCore.a(EspDrv.o)
 .progmem.data._ZZN6EspDrv14wifiDriverInitEP6StreamE3__c_0
                0x00000728        0x3 C:\Users\mpark\DOCUME~1\Atmel Studio\7.0\MicrochipXplainedHorticulture\MicrochipXplainedHorticulture\ArduinoCore\Debug\libArduinoCore.a(EspDrv.o)
                0x0000072c                . = ALIGN (0x2)
 *fill*         0x0000072b        0x1 
 *(.jumptables)
 *(.jumptables*)
 *(.lowtext)
 *(.lowtext*)
                0x0000072c                __ctors_start = .
 *(.ctors)
 .ctors         0x0000072c        0x2 Sketch.o
 .ctors         0x0000072e        0x2 C:\Users\mpark\DOCUME~1\Atmel Studio\7.0\MicrochipXplainedHorticulture\MicrochipXplainedHorticulture\ArduinoCore\Debug\libArduinoCore.a(HardwareSerial0.o)
 .ctors         0x00000730        0x2 C:\Users\mpark\DOCUME~1\Atmel Studio\7.0\MicrochipXplainedHorticulture\MicrochipXplainedHorticulture\ArduinoCore\Debug\libArduinoCore.a(PubSubClient.o)
 .ctors         0x00000732        0x2 C:\Users\mpark\DOCUME~1\Atmel Studio\7.0\MicrochipXplainedHorticulture\MicrochipXplainedHorticulture\ArduinoCore\Debug\libArduinoCore.a(WiFiEsp.o)
 .ctors         0x00000734        0x2 C:\Users\mpark\DOCUME~1\Atmel Studio\7.0\MicrochipXplainedHorticulture\MicrochipXplainedHorticulture\ArduinoCore\Debug\libArduinoCore.a(WiFiEspClient.o)
 .ctors         0x00000736        0x2 C:\Users\mpark\DOCUME~1\Atmel Studio\7.0\MicrochipXplainedHorticulture\MicrochipXplainedHorticulture\ArduinoCore\Debug\libArduinoCore.a(Wire.o)
 .ctors         0x00000738        0x2 C:\Users\mpark\DOCUME~1\Atmel Studio\7.0\MicrochipXplainedHorticulture\MicrochipXplainedHorticulture\ArduinoCore\Debug\libArduinoCore.a(EspDrv.o)
                0x0000073a                __ctors_end = .
                0x0000073a                __dtors_start = .
 *(.dtors)
 .dtors         0x0000073a        0x2 Sketch.o
 .dtors         0x0000073c        0x2 C:\Users\mpark\DOCUME~1\Atmel Studio\7.0\MicrochipXplainedHorticulture\MicrochipXplainedHorticulture\ArduinoCore\Debug\libArduinoCore.a(EspDrv.o)
                0x0000073e                __dtors_end = .
 SORT(*)(.ctors)
 SORT(*)(.dtors)
 *(.init0)
 .init0         0x0000073e        0x0 C:/Program Files (x86)/Atmel/Studio/7.0/Packs/atmel/ATmega_DFP/1.3.300/gcc/dev/atmega328p/avr5/crtatmega328p.o
                0x0000073e                __init
 *(.init0)
 *(.init1)
 *(.init1)
 *(.init2)
 .init2         0x0000073e        0xc C:/Program Files (x86)/Atmel/Studio/7.0/Packs/atmel/ATmega_DFP/1.3.300/gcc/dev/atmega328p/avr5/crtatmega328p.o
 *(.init2)
 *(.init3)
 *(.init3)
 *(.init4)
 .init4         0x0000074a       0x16 c:/program files (x86)/atmel/studio/7.0/toolchain/avr8/avr8-gnu-toolchain/bin/../lib/gcc/avr/5.4.0/avr5\libgcc.a(_copy_data.o)
                0x0000074a                __do_copy_data
 .init4         0x00000760       0x10 c:/program files (x86)/atmel/studio/7.0/toolchain/avr8/avr8-gnu-toolchain/bin/../lib/gcc/avr/5.4.0/avr5\libgcc.a(_clear_bss.o)
                0x00000760                __do_clear_bss
 *(.init4)
 *(.init5)
 *(.init5)
 *(.init6)
 .init6         0x00000770       0x16 c:/program files (x86)/atmel/studio/7.0/toolchain/avr8/avr8-gnu-toolchain/bin/../lib/gcc/avr/5.4.0/avr5\libgcc.a(_ctors.o)
                0x00000770                __do_global_ctors
 *(.init6)
 *(.init7)
 *(.init7)
 *(.init8)
 *(.init8)
 *(.init9)
 .init9         0x00000786        0x8 C:/Program Files (x86)/Atmel/Studio/7.0/Packs/atmel/ATmega_DFP/1.3.300/gcc/dev/atmega328p/avr5/crtatmega328p.o
 *(.init9)
 *(.text)
 .text          0x0000078e        0x4 C:/Program Files (x86)/Atmel/Studio/7.0/Packs/atmel/ATmega_DFP/1.3.300/gcc/dev/atmega328p/avr5/crtatmega328p.o
                0x0000078e                __vector_22
                0x0000078e                __vector_1
                0x0000078e                __vector_12
                0x0000078e                __bad_interrupt
                0x0000078e                __vector_6
                0x0000078e                __vector_23
                0x0000078e                __vector_25
                0x0000078e                __vector_11
                0x0000078e                __vector_13
                0x0000078e                __vector_17
                0x0000078e                __vector_7
                0x0000078e                __vector_9
                0x0000078e                __vector_2
                0x0000078e                __vector_21
                0x0000078e                __vector_15
                0x0000078e                __vector_8
                0x0000078e                __vector_14
                0x0000078e                __vector_10
                0x0000078e                __vector_20
                0x00000792                . = ALIGN (0x2)
 *(.text.*)
 .text._Z8callbackPcPhj
                0x00000792       0xa6 Sketch.o
                0x00000792                _Z8callbackPcPhj
 .text._Z11connectMQTTv
                0x00000838      0x118 Sketch.o
                0x00000838                _Z11connectMQTTv
 .text.setup    0x00000950      0x16c Sketch.o
                0x00000950                setup
 .text._Z14heartbeat_loopv
                0x00000abc      0x114 Sketch.o
                0x00000abc                _Z14heartbeat_loopv
 .text._Z10getPHlevelv
                0x00000bd0       0x42 Sketch.o
                0x00000bd0                _Z10getPHlevelv
 .text._Z11sensor_loopv
                0x00000c12      0x1fe Sketch.o
                0x00000c12                _Z11sensor_loopv
 .text.loop     0x00000e10       0x8c Sketch.o
                0x00000e10                loop
 .text.startup._GLOBAL__sub_I_myssid
                0x00000e9c       0x68 Sketch.o
 .text.exit._GLOBAL__sub_D_myssid
                0x00000f04        0x8 Sketch.o
 .text.avr-libc.fplib
                0x00000f0c        0xe c:/program files (x86)/atmel/studio/7.0/toolchain/avr8/avr8-gnu-toolchain/bin/../lib/gcc/avr/5.4.0/../../../../avr/lib/avr5\libm.a(addsf3.o)
                0x00000f0c                __subsf3
                0x00000f0e                __addsf3
 .text.avr-libc.fplib
                0x00000f1a       0xcc c:/program files (x86)/atmel/studio/7.0/toolchain/avr8/avr8-gnu-toolchain/bin/../lib/gcc/avr/5.4.0/../../../../avr/lib/avr5\libm.a(addsf3x.o)
                0x00000f3c                __addsf3x
 .text.avr-libc.fplib
                0x00000fe6       0x7a c:/program files (x86)/atmel/studio/7.0/toolchain/avr8/avr8-gnu-toolchain/bin/../lib/gcc/avr/5.4.0/../../../../avr/lib/avr5\libm.a(floatsisf.o)
                0x00000fe6                __floatunsisf
                0x00000fea                __floatsisf
 .text.avr-libc.fplib
                0x00001060        0xc c:/program files (x86)/atmel/studio/7.0/toolchain/avr8/avr8-gnu-toolchain/bin/../lib/gcc/avr/5.4.0/../../../../avr/lib/avr5\libm.a(fp_inf.o)
                0x00001060                __fp_inf
 .text.avr-libc.fplib
                0x0000106c        0x6 c:/program files (x86)/atmel/studio/7.0/toolchain/avr8/avr8-gnu-toolchain/bin/../lib/gcc/avr/5.4.0/../../../../avr/lib/avr5\libm.a(fp_nan.o)
                0x0000106c                __fp_nan
 .text.avr-libc.fplib
                0x00001072        0xe c:/program files (x86)/atmel/studio/7.0/toolchain/avr8/avr8-gnu-toolchain/bin/../lib/gcc/avr/5.4.0/../../../../avr/lib/avr5\libm.a(fp_pscA.o)
                0x00001072                __fp_pscA
 .text.avr-libc.fplib
                0x00001080        0xe c:/program files (x86)/atmel/studio/7.0/toolchain/avr8/avr8-gnu-toolchain/bin/../lib/gcc/avr/5.4.0/../../../../avr/lib/avr5\libm.a(fp_pscB.o)
                0x00001080                __fp_pscB
 .text.avr-libc.fplib
                0x0000108e       0x22 c:/program files (x86)/atmel/studio/7.0/toolchain/avr8/avr8-gnu-toolchain/bin/../lib/gcc/avr/5.4.0/../../../../avr/lib/avr5\libm.a(fp_round.o)
                0x0000108e                __fp_round
 .text.avr-libc.fplib
                0x000010b0       0x44 c:/program files (x86)/atmel/studio/7.0/toolchain/avr8/avr8-gnu-toolchain/bin/../lib/gcc/avr/5.4.0/../../../../avr/lib/avr5\libm.a(fp_split3.o)
                0x000010b0                __fp_split3
                0x000010c0                __fp_splitA
 .text.avr-libc.fplib
                0x000010f4        0xe c:/program files (x86)/atmel/studio/7.0/toolchain/avr8/avr8-gnu-toolchain/bin/../lib/gcc/avr/5.4.0/../../../../avr/lib/avr5\libm.a(fp_zero.o)
                0x000010f4                __fp_zero
                0x000010f6                __fp_szero
 .text.avr-libc.fplib
                0x00001102        0x8 c:/program files (x86)/atmel/studio/7.0/toolchain/avr8/avr8-gnu-toolchain/bin/../lib/gcc/avr/5.4.0/../../../../avr/lib/avr5\libm.a(mulsf3.o)
                0x00001102                __mulsf3
 .text.avr-libc.fplib
                0x0000110a       0xd2 c:/program files (x86)/atmel/studio/7.0/toolchain/avr8/avr8-gnu-toolchain/bin/../lib/gcc/avr/5.4.0/../../../../avr/lib/avr5\libm.a(mulsf3x.o)
                0x00001128                __mulsf3x
                0x0000112e                __mulsf3_pse
 .text._ZN14HardwareSerial9availableEv
                0x000011dc       0x18 C:\Users\mpark\DOCUME~1\Atmel Studio\7.0\MicrochipXplainedHorticulture\MicrochipXplainedHorticulture\ArduinoCore\Debug\libArduinoCore.a(HardwareSerial.o)
                0x000011dc                _ZN14HardwareSerial9availableEv
 .text._ZN14HardwareSerial4peekEv
                0x000011f4       0x1c C:\Users\mpark\DOCUME~1\Atmel Studio\7.0\MicrochipXplainedHorticulture\MicrochipXplainedHorticulture\ArduinoCore\Debug\libArduinoCore.a(HardwareSerial.o)
                0x000011f4                _ZN14HardwareSerial4peekEv
 .text._ZN14HardwareSerial4readEv
                0x00001210       0x28 C:\Users\mpark\DOCUME~1\Atmel Studio\7.0\MicrochipXplainedHorticulture\MicrochipXplainedHorticulture\ArduinoCore\Debug\libArduinoCore.a(HardwareSerial.o)
                0x00001210                _ZN14HardwareSerial4readEv
 .text._ZN14HardwareSerial17availableForWriteEv
                0x00001238       0x1e C:\Users\mpark\DOCUME~1\Atmel Studio\7.0\MicrochipXplainedHorticulture\MicrochipXplainedHorticulture\ArduinoCore\Debug\libArduinoCore.a(HardwareSerial.o)
                0x00001238                _ZN14HardwareSerial17availableForWriteEv
 .text._Z14serialEventRunv
                0x00001256       0x1c C:\Users\mpark\DOCUME~1\Atmel Studio\7.0\MicrochipXplainedHorticulture\MicrochipXplainedHorticulture\ArduinoCore\Debug\libArduinoCore.a(HardwareSerial.o)
                0x00001256                _Z14serialEventRunv
 .text._ZN14HardwareSerial17_tx_udr_empty_irqEv
                0x00001272       0x44 C:\Users\mpark\DOCUME~1\Atmel Studio\7.0\MicrochipXplainedHorticulture\MicrochipXplainedHorticulture\ArduinoCore\Debug\libArduinoCore.a(HardwareSerial.o)
                0x00001272                _ZN14HardwareSerial17_tx_udr_empty_irqEv
 .text._ZN14HardwareSerial5writeEh
                0x000012b6       0x9a C:\Users\mpark\DOCUME~1\Atmel Studio\7.0\MicrochipXplainedHorticulture\MicrochipXplainedHorticulture\ArduinoCore\Debug\libArduinoCore.a(HardwareSerial.o)
                0x000012b6                _ZN14HardwareSerial5writeEh
 .text._ZN14HardwareSerial5flushEv
                0x00001350       0x44 C:\Users\mpark\DOCUME~1\Atmel Studio\7.0\MicrochipXplainedHorticulture\MicrochipXplainedHorticulture\ArduinoCore\Debug\libArduinoCore.a(HardwareSerial.o)
                0x00001350                _ZN14HardwareSerial5flushEv
 .text._ZN14HardwareSerial5beginEmh
                0x00001394       0xca C:\Users\mpark\DOCUME~1\Atmel Studio\7.0\MicrochipXplainedHorticulture\MicrochipXplainedHorticulture\ArduinoCore\Debug\libArduinoCore.a(HardwareSerial.o)
                0x00001394                _ZN14HardwareSerial5beginEmh
 .text._ZN5Print17availableForWriteEv
                0x0000145e        0x6 C:\Users\mpark\DOCUME~1\Atmel Studio\7.0\MicrochipXplainedHorticulture\MicrochipXplainedHorticulture\ArduinoCore\Debug\libArduinoCore.a(HardwareSerial0.o)
                0x0000145e                _ZN5Print17availableForWriteEv
 .text._ZN5Print5flushEv
                0x00001464        0x2 C:\Users\mpark\DOCUME~1\Atmel Studio\7.0\MicrochipXplainedHorticulture\MicrochipXplainedHorticulture\ArduinoCore\Debug\libArduinoCore.a(HardwareSerial0.o)
                0x00001464                _ZN5Print5flushEv
 .text.__vector_18
                0x00001466       0x64 C:\Users\mpark\DOCUME~1\Atmel Studio\7.0\MicrochipXplainedHorticulture\MicrochipXplainedHorticulture\ArduinoCore\Debug\libArduinoCore.a(HardwareSerial0.o)
                0x00001466                __vector_18
 .text.__vector_19
                0x000014ca       0x4c C:\Users\mpark\DOCUME~1\Atmel Studio\7.0\MicrochipXplainedHorticulture\MicrochipXplainedHorticulture\ArduinoCore\Debug\libArduinoCore.a(HardwareSerial0.o)
                0x000014ca                __vector_19
 .text._Z17Serial0_availablev
                0x00001516       0x14 C:\Users\mpark\DOCUME~1\Atmel Studio\7.0\MicrochipXplainedHorticulture\MicrochipXplainedHorticulture\ArduinoCore\Debug\libArduinoCore.a(HardwareSerial0.o)
                0x00001516                _Z17Serial0_availablev
 .text.startup._GLOBAL__sub_I___vector_18
                0x0000152a       0x5a C:\Users\mpark\DOCUME~1\Atmel Studio\7.0\MicrochipXplainedHorticulture\MicrochipXplainedHorticulture\ArduinoCore\Debug\libArduinoCore.a(HardwareSerial0.o)
 .text._ZNK9IPAddress7printToER5Print
                0x00001584       0x84 C:\Users\mpark\DOCUME~1\Atmel Studio\7.0\MicrochipXplainedHorticulture\MicrochipXplainedHorticulture\ArduinoCore\Debug\libArduinoCore.a(IPAddress.o)
                0x00001584                _ZNK9IPAddress7printToER5Print
 .text._ZN9IPAddressC2Ev
                0x00001608       0x14 C:\Users\mpark\DOCUME~1\Atmel Studio\7.0\MicrochipXplainedHorticulture\MicrochipXplainedHorticulture\ArduinoCore\Debug\libArduinoCore.a(IPAddress.o)
                0x00001608                _ZN9IPAddressC1Ev
                0x00001608                _ZN9IPAddressC2Ev
 .text._ZN9IPAddressC2Ehhhh
                0x0000161c       0x18 C:\Users\mpark\DOCUME~1\Atmel Studio\7.0\MicrochipXplainedHorticulture\MicrochipXplainedHorticulture\ArduinoCore\Debug\libArduinoCore.a(IPAddress.o)
                0x0000161c                _ZN9IPAddressC2Ehhhh
                0x0000161c                _ZN9IPAddressC1Ehhhh
 .text.initVariant
                0x00001634        0x2 C:\Users\mpark\DOCUME~1\Atmel Studio\7.0\MicrochipXplainedHorticulture\MicrochipXplainedHorticulture\ArduinoCore\Debug\libArduinoCore.a(main.o)
                0x00001634                initVariant
 .text.startup.main
                0x00001636       0x1e C:\Users\mpark\DOCUME~1\Atmel Studio\7.0\MicrochipXplainedHorticulture\MicrochipXplainedHorticulture\ArduinoCore\Debug\libArduinoCore.a(main.o)
                0x00001636                main
 .text._ZN5Print5writeEPKhj
                0x00001654       0x54 C:\Users\mpark\DOCUME~1\Atmel Studio\7.0\MicrochipXplainedHorticulture\MicrochipXplainedHorticulture\ArduinoCore\Debug\libArduinoCore.a(Print.o)
                0x00001654                _ZN5Print5writeEPKhj
 .text._ZN5Print5writeEPKc
                0x000016a8       0x2a C:\Users\mpark\DOCUME~1\Atmel Studio\7.0\MicrochipXplainedHorticulture\MicrochipXplainedHorticulture\ArduinoCore\Debug\libArduinoCore.a(Print.o)
                0x000016a8                _ZN5Print5writeEPKc
 .text._ZN5Print5printEPK19__FlashStringHelper
                0x000016d2       0x48 C:\Users\mpark\DOCUME~1\Atmel Studio\7.0\MicrochipXplainedHorticulture\MicrochipXplainedHorticulture\ArduinoCore\Debug\libArduinoCore.a(Print.o)
                0x000016d2                _ZN5Print5printEPK19__FlashStringHelper
 .text._ZN5Print5printERK6String
                0x0000171a       0x1c C:\Users\mpark\DOCUME~1\Atmel Studio\7.0\MicrochipXplainedHorticulture\MicrochipXplainedHorticulture\ArduinoCore\Debug\libArduinoCore.a(Print.o)
                0x0000171a                _ZN5Print5printERK6String
 .text._ZN5Print5printEPKc
                0x00001736        0x4 C:\Users\mpark\DOCUME~1\Atmel Studio\7.0\MicrochipXplainedHorticulture\MicrochipXplainedHorticulture\ArduinoCore\Debug\libArduinoCore.a(Print.o)
                0x00001736                _ZN5Print5printEPKc
 .text._ZN5Print5printEc
                0x0000173a        0xe C:\Users\mpark\DOCUME~1\Atmel Studio\7.0\MicrochipXplainedHorticulture\MicrochipXplainedHorticulture\ArduinoCore\Debug\libArduinoCore.a(Print.o)
                0x0000173a                _ZN5Print5printEc
 .text._ZN5Print7printlnEv
                0x00001748        0x8 C:\Users\mpark\DOCUME~1\Atmel Studio\7.0\MicrochipXplainedHorticulture\MicrochipXplainedHorticulture\ArduinoCore\Debug\libArduinoCore.a(Print.o)
                0x00001748                _ZN5Print7printlnEv
 .text._ZN5Print7printlnEPK19__FlashStringHelper
                0x00001750       0x24 C:\Users\mpark\DOCUME~1\Atmel Studio\7.0\MicrochipXplainedHorticulture\MicrochipXplainedHorticulture\ArduinoCore\Debug\libArduinoCore.a(Print.o)
                0x00001750                _ZN5Print7printlnEPK19__FlashStringHelper
 .text._ZN5Print7printlnERK6String
                0x00001774       0x24 C:\Users\mpark\DOCUME~1\Atmel Studio\7.0\MicrochipXplainedHorticulture\MicrochipXplainedHorticulture\ArduinoCore\Debug\libArduinoCore.a(Print.o)
                0x00001774                _ZN5Print7printlnERK6String
 .text._ZN5Print7printlnEPKc
                0x00001798       0x24 C:\Users\mpark\DOCUME~1\Atmel Studio\7.0\MicrochipXplainedHorticulture\MicrochipXplainedHorticulture\ArduinoCore\Debug\libArduinoCore.a(Print.o)
                0x00001798                _ZN5Print7printlnEPKc
 .text._ZN5Print11printNumberEmh
                0x000017bc       0x92 C:\Users\mpark\DOCUME~1\Atmel Studio\7.0\MicrochipXplainedHorticulture\MicrochipXplainedHorticulture\ArduinoCore\Debug\libArduinoCore.a(Print.o)
                0x000017bc                _ZN5Print11printNumberEmh
 .text._ZN5Print5printEmi
                0x0000184e       0x1a C:\Users\mpark\DOCUME~1\Atmel Studio\7.0\MicrochipXplainedHorticulture\MicrochipXplainedHorticulture\ArduinoCore\Debug\libArduinoCore.a(Print.o)
                0x0000184e                _ZN5Print5printEmi
 .text._ZN5Print5printEhi
                0x00001868        0xe C:\Users\mpark\DOCUME~1\Atmel Studio\7.0\MicrochipXplainedHorticulture\MicrochipXplainedHorticulture\ArduinoCore\Debug\libArduinoCore.a(Print.o)
                0x00001868                _ZN5Print5printEhi
 .text._ZN5Print7printlnEhi
                0x00001876       0x24 C:\Users\mpark\DOCUME~1\Atmel Studio\7.0\MicrochipXplainedHorticulture\MicrochipXplainedHorticulture\ArduinoCore\Debug\libArduinoCore.a(Print.o)
                0x00001876                _ZN5Print7printlnEhi
 .text._ZN5Print5printEji
                0x0000189a        0xc C:\Users\mpark\DOCUME~1\Atmel Studio\7.0\MicrochipXplainedHorticulture\MicrochipXplainedHorticulture\ArduinoCore\Debug\libArduinoCore.a(Print.o)
                0x0000189a                _ZN5Print5printEji
 .text._ZN5Print7printlnEmi
                0x000018a6       0x24 C:\Users\mpark\DOCUME~1\Atmel Studio\7.0\MicrochipXplainedHorticulture\MicrochipXplainedHorticulture\ArduinoCore\Debug\libArduinoCore.a(Print.o)
                0x000018a6                _ZN5Print7printlnEmi
 .text._ZN5Print5printEli
                0x000018ca       0x90 C:\Users\mpark\DOCUME~1\Atmel Studio\7.0\MicrochipXplainedHorticulture\MicrochipXplainedHorticulture\ArduinoCore\Debug\libArduinoCore.a(Print.o)
                0x000018ca                _ZN5Print5printEli
 .text._ZN5Print7printlnEli
                0x0000195a       0x24 C:\Users\mpark\DOCUME~1\Atmel Studio\7.0\MicrochipXplainedHorticulture\MicrochipXplainedHorticulture\ArduinoCore\Debug\libArduinoCore.a(Print.o)
                0x0000195a                _ZN5Print7printlnEli
 .text._ZN5Print10printFloatEdh
                0x0000197e      0x1b6 C:\Users\mpark\DOCUME~1\Atmel Studio\7.0\MicrochipXplainedHorticulture\MicrochipXplainedHorticulture\ArduinoCore\Debug\libArduinoCore.a(Print.o)
                0x0000197e                _ZN5Print10printFloatEdh
 .text._ZN5Print5printEdi
                0x00001b34        0x4 C:\Users\mpark\DOCUME~1\Atmel Studio\7.0\MicrochipXplainedHorticulture\MicrochipXplainedHorticulture\ArduinoCore\Debug\libArduinoCore.a(Print.o)
                0x00001b34                _ZN5Print5printEdi
 .text.__vector_16
                0x00001b38       0x94 C:\Users\mpark\DOCUME~1\Atmel Studio\7.0\MicrochipXplainedHorticulture\MicrochipXplainedHorticulture\ArduinoCore\Debug\libArduinoCore.a(wiring.o)
                0x00001b38                __vector_16
 .text.millis   0x00001bcc       0x18 C:\Users\mpark\DOCUME~1\Atmel Studio\7.0\MicrochipXplainedHorticulture\MicrochipXplainedHorticulture\ArduinoCore\Debug\libArduinoCore.a(wiring.o)
                0x00001bcc                millis
 .text.micros   0x00001be4       0x4a C:\Users\mpark\DOCUME~1\Atmel Studio\7.0\MicrochipXplainedHorticulture\MicrochipXplainedHorticulture\ArduinoCore\Debug\libArduinoCore.a(wiring.o)
                0x00001be4                micros
 .text.delay    0x00001c2e       0x78 C:\Users\mpark\DOCUME~1\Atmel Studio\7.0\MicrochipXplainedHorticulture\MicrochipXplainedHorticulture\ArduinoCore\Debug\libArduinoCore.a(wiring.o)
                0x00001c2e                delay
 .text.delayMicroseconds
                0x00001ca6       0x16 C:\Users\mpark\DOCUME~1\Atmel Studio\7.0\MicrochipXplainedHorticulture\MicrochipXplainedHorticulture\ArduinoCore\Debug\libArduinoCore.a(wiring.o)
                0x00001ca6                delayMicroseconds
 .text.init     0x00001cbc       0x76 C:\Users\mpark\DOCUME~1\Atmel Studio\7.0\MicrochipXplainedHorticulture\MicrochipXplainedHorticulture\ArduinoCore\Debug\libArduinoCore.a(wiring.o)
                0x00001cbc                init
 .text.analogRead
                0x00001d32       0x3a C:\Users\mpark\DOCUME~1\Atmel Studio\7.0\MicrochipXplainedHorticulture\MicrochipXplainedHorticulture\ArduinoCore\Debug\libArduinoCore.a(wiring_analog.o)
                0x00001d32                analogRead
 .text.turnOffPWM
                0x00001d6c       0x52 C:\Users\mpark\DOCUME~1\Atmel Studio\7.0\MicrochipXplainedHorticulture\MicrochipXplainedHorticulture\ArduinoCore\Debug\libArduinoCore.a(wiring_digital.o)
 .text.pinMode  0x00001dbe       0x78 C:\Users\mpark\DOCUME~1\Atmel Studio\7.0\MicrochipXplainedHorticulture\MicrochipXplainedHorticulture\ArduinoCore\Debug\libArduinoCore.a(wiring_digital.o)
                0x00001dbe                pinMode
 .text.digitalWrite
                0x00001e36       0x5e C:\Users\mpark\DOCUME~1\Atmel Studio\7.0\MicrochipXplainedHorticulture\MicrochipXplainedHorticulture\ArduinoCore\Debug\libArduinoCore.a(wiring_digital.o)
                0x00001e36                digitalWrite
 .text.digitalRead
                0x00001e94       0x52 C:\Users\mpark\DOCUME~1\Atmel Studio\7.0\MicrochipXplainedHorticulture\MicrochipXplainedHorticulture\ArduinoCore\Debug\libArduinoCore.a(wiring_digital.o)
                0x00001e94                digitalRead
 .text._ZN6StringD2Ev
                0x00001ee6        0xa C:\Users\mpark\DOCUME~1\Atmel Studio\7.0\MicrochipXplainedHorticulture\MicrochipXplainedHorticulture\ArduinoCore\Debug\libArduinoCore.a(WString.o)
                0x00001ee6                _ZN6StringD2Ev
                0x00001ee6                _ZN6StringD1Ev
 .text._ZN6String10invalidateEv
                0x00001ef0       0x24 C:\Users\mpark\DOCUME~1\Atmel Studio\7.0\MicrochipXplainedHorticulture\MicrochipXplainedHorticulture\ArduinoCore\Debug\libArduinoCore.a(WString.o)
                0x00001ef0                _ZN6String10invalidateEv
 .text._ZN6String12changeBufferEj
                0x00001f14       0x34 C:\Users\mpark\DOCUME~1\Atmel Studio\7.0\MicrochipXplainedHorticulture\MicrochipXplainedHorticulture\ArduinoCore\Debug\libArduinoCore.a(WString.o)
                0x00001f14                _ZN6String12changeBufferEj
 .text._ZN6String7reserveEj
                0x00001f48       0x38 C:\Users\mpark\DOCUME~1\Atmel Studio\7.0\MicrochipXplainedHorticulture\MicrochipXplainedHorticulture\ArduinoCore\Debug\libArduinoCore.a(WString.o)
                0x00001f48                _ZN6String7reserveEj
 .text._ZN6String4copyEPKcj
                0x00001f80       0x42 C:\Users\mpark\DOCUME~1\Atmel Studio\7.0\MicrochipXplainedHorticulture\MicrochipXplainedHorticulture\ArduinoCore\Debug\libArduinoCore.a(WString.o)
                0x00001f80                _ZN6String4copyEPKcj
 .text._ZN6StringC2EPKc
                0x00001fc2       0x2a C:\Users\mpark\DOCUME~1\Atmel Studio\7.0\MicrochipXplainedHorticulture\MicrochipXplainedHorticulture\ArduinoCore\Debug\libArduinoCore.a(WString.o)
                0x00001fc2                _ZN6StringC2EPKc
                0x00001fc2                _ZN6StringC1EPKc
 .text._ZN6StringaSEPKc
                0x00001fec       0x2e C:\Users\mpark\DOCUME~1\Atmel Studio\7.0\MicrochipXplainedHorticulture\MicrochipXplainedHorticulture\ArduinoCore\Debug\libArduinoCore.a(WString.o)
                0x00001fec                _ZN6StringaSEPKc
 .text._ZN6StringC2Eih
                0x0000201a       0x58 C:\Users\mpark\DOCUME~1\Atmel Studio\7.0\MicrochipXplainedHorticulture\MicrochipXplainedHorticulture\ArduinoCore\Debug\libArduinoCore.a(WString.o)
                0x0000201a                _ZN6StringC2Eih
                0x0000201a                _ZN6StringC1Eih
 .text._ZN6String6concatEPKcj
                0x00002072       0x5c C:\Users\mpark\DOCUME~1\Atmel Studio\7.0\MicrochipXplainedHorticulture\MicrochipXplainedHorticulture\ArduinoCore\Debug\libArduinoCore.a(WString.o)
                0x00002072                _ZN6String6concatEPKcj
 .text._ZN6String6concatEPKc
                0x000020ce       0x1e C:\Users\mpark\DOCUME~1\Atmel Studio\7.0\MicrochipXplainedHorticulture\MicrochipXplainedHorticulture\ArduinoCore\Debug\libArduinoCore.a(WString.o)
                0x000020ce                _ZN6String6concatEPKc
 .text._ZN6String6concatEm
                0x000020ec       0x62 C:\Users\mpark\DOCUME~1\Atmel Studio\7.0\MicrochipXplainedHorticulture\MicrochipXplainedHorticulture\ArduinoCore\Debug\libArduinoCore.a(WString.o)
                0x000020ec                _ZN6String6concatEm
 .text._ZN6String6concatEf
                0x0000214e       0x62 C:\Users\mpark\DOCUME~1\Atmel Studio\7.0\MicrochipXplainedHorticulture\MicrochipXplainedHorticulture\ArduinoCore\Debug\libArduinoCore.a(WString.o)
                0x0000214e                _ZN6String6concatEf
 .text._ZN8SPIClass16beginTransactionE11SPISettings
                0x000021b0       0x34 C:\Users\mpark\DOCUME~1\Atmel Studio\7.0\MicrochipXplainedHorticulture\MicrochipXplainedHorticulture\ArduinoCore\Debug\libArduinoCore.a(Adafruit_BME280.o)
                0x000021b0                _ZN8SPIClass16beginTransactionE11SPISettings
 .text._ZN8SPIClass14endTransactionEv
                0x000021e4       0x22 C:\Users\mpark\DOCUME~1\Atmel Studio\7.0\MicrochipXplainedHorticulture\MicrochipXplainedHorticulture\ArduinoCore\Debug\libArduinoCore.a(Adafruit_BME280.o)
                0x000021e4                _ZN8SPIClass14endTransactionEv
 .text._ZN15Adafruit_BME280C2Ev
                0x00002206        0xe C:\Users\mpark\DOCUME~1\Atmel Studio\7.0\MicrochipXplainedHorticulture\MicrochipXplainedHorticulture\ArduinoCore\Debug\libArduinoCore.a(Adafruit_BME280.o)
                0x00002206                _ZN15Adafruit_BME280C2Ev
                0x00002206                _ZN15Adafruit_BME280C1Ev
 .text._ZN15Adafruit_BME2807spixferEh
                0x00002214       0x8e C:\Users\mpark\DOCUME~1\Atmel Studio\7.0\MicrochipXplainedHorticulture\MicrochipXplainedHorticulture\ArduinoCore\Debug\libArduinoCore.a(Adafruit_BME280.o)
                0x00002214                _ZN15Adafruit_BME2807spixferEh
 .text._ZN15Adafruit_BME2806write8Ehh
                0x000022a2       0xa2 C:\Users\mpark\DOCUME~1\Atmel Studio\7.0\MicrochipXplainedHorticulture\MicrochipXplainedHorticulture\ArduinoCore\Debug\libArduinoCore.a(Adafruit_BME280.o)
                0x000022a2                _ZN15Adafruit_BME2806write8Ehh
 .text._ZN15Adafruit_BME28011setSamplingENS_11sensor_modeENS_15sensor_samplingES1_S1_NS_13sensor_filterENS_16standby_durationE
                0x00002344       0xd4 C:\Users\mpark\DOCUME~1\Atmel Studio\7.0\MicrochipXplainedHorticulture\MicrochipXplainedHorticulture\ArduinoCore\Debug\libArduinoCore.a(Adafruit_BME280.o)
                0x00002344                _ZN15Adafruit_BME28011setSamplingENS_11sensor_modeENS_15sensor_samplingES1_S1_NS_13sensor_filterENS_16standby_durationE
 .text._ZN15Adafruit_BME2805read8Eh
                0x00002418       0x9e C:\Users\mpark\DOCUME~1\Atmel Studio\7.0\MicrochipXplainedHorticulture\MicrochipXplainedHorticulture\ArduinoCore\Debug\libArduinoCore.a(Adafruit_BME280.o)
                0x00002418                _ZN15Adafruit_BME2805read8Eh
 .text._ZN15Adafruit_BME2806read16Eh
                0x000024b6       0xd4 C:\Users\mpark\DOCUME~1\Atmel Studio\7.0\MicrochipXplainedHorticulture\MicrochipXplainedHorticulture\ArduinoCore\Debug\libArduinoCore.a(Adafruit_BME280.o)
                0x000024b6                _ZN15Adafruit_BME2806read16Eh
 .text._ZN15Adafruit_BME2809read16_LEEh
                0x0000258a        0xc C:\Users\mpark\DOCUME~1\Atmel Studio\7.0\MicrochipXplainedHorticulture\MicrochipXplainedHorticulture\ArduinoCore\Debug\libArduinoCore.a(Adafruit_BME280.o)
                0x0000258a                _ZN15Adafruit_BME2809read16_LEEh
 .text._ZN15Adafruit_BME2806read24Eh
                0x00002596      0x156 C:\Users\mpark\DOCUME~1\Atmel Studio\7.0\MicrochipXplainedHorticulture\MicrochipXplainedHorticulture\ArduinoCore\Debug\libArduinoCore.a(Adafruit_BME280.o)
                0x00002596                _ZN15Adafruit_BME2806read24Eh
 .text._ZN15Adafruit_BME28016readCoefficientsEv
                0x000026ec      0x118 C:\Users\mpark\DOCUME~1\Atmel Studio\7.0\MicrochipXplainedHorticulture\MicrochipXplainedHorticulture\ArduinoCore\Debug\libArduinoCore.a(Adafruit_BME280.o)
                0x000026ec                _ZN15Adafruit_BME28016readCoefficientsEv
 .text._ZN15Adafruit_BME28020isReadingCalibrationEv
                0x00002804        0xa C:\Users\mpark\DOCUME~1\Atmel Studio\7.0\MicrochipXplainedHorticulture\MicrochipXplainedHorticulture\ArduinoCore\Debug\libArduinoCore.a(Adafruit_BME280.o)
                0x00002804                _ZN15Adafruit_BME28020isReadingCalibrationEv
 .text._ZN15Adafruit_BME2804initEv
                0x0000280e       0xb8 C:\Users\mpark\DOCUME~1\Atmel Studio\7.0\MicrochipXplainedHorticulture\MicrochipXplainedHorticulture\ArduinoCore\Debug\libArduinoCore.a(Adafruit_BME280.o)
                0x0000280e                _ZN15Adafruit_BME2804initEv
 .text._ZN15Adafruit_BME2805beginEv
                0x000028c6       0x12 C:\Users\mpark\DOCUME~1\Atmel Studio\7.0\MicrochipXplainedHorticulture\MicrochipXplainedHorticulture\ArduinoCore\Debug\libArduinoCore.a(Adafruit_BME280.o)
                0x000028c6                _ZN15Adafruit_BME2805beginEv
 .text._ZN15Adafruit_BME28015readTemperatureEv
                0x000028d8      0x12e C:\Users\mpark\DOCUME~1\Atmel Studio\7.0\MicrochipXplainedHorticulture\MicrochipXplainedHorticulture\ArduinoCore\Debug\libArduinoCore.a(Adafruit_BME280.o)
                0x000028d8                _ZN15Adafruit_BME28015readTemperatureEv
 .text._ZN15Adafruit_BME28012readHumidityEv
                0x00002a06      0x1fc C:\Users\mpark\DOCUME~1\Atmel Studio\7.0\MicrochipXplainedHorticulture\MicrochipXplainedHorticulture\ArduinoCore\Debug\libArduinoCore.a(Adafruit_BME280.o)
                0x00002a06                _ZN15Adafruit_BME28012readHumidityEv
 .text._ZN15Adafruit_seesawC2EP7TwoWire
                0x00002c02       0x24 C:\Users\mpark\DOCUME~1\Atmel Studio\7.0\MicrochipXplainedHorticulture\MicrochipXplainedHorticulture\ArduinoCore\Debug\libArduinoCore.a(Adafruit_seesaw.o)
                0x00002c02                _ZN15Adafruit_seesawC2EP7TwoWire
                0x00002c02                _ZN15Adafruit_seesawC1EP7TwoWire
 .text._ZN15Adafruit_seesaw9_i2c_initEv
                0x00002c26        0xa C:\Users\mpark\DOCUME~1\Atmel Studio\7.0\MicrochipXplainedHorticulture\MicrochipXplainedHorticulture\ArduinoCore\Debug\libArduinoCore.a(Adafruit_seesaw.o)
                0x00002c26                _ZN15Adafruit_seesaw9_i2c_initEv
 .text._ZN15Adafruit_seesaw4readEhhPhhj
                0x00002c30      0x11c C:\Users\mpark\DOCUME~1\Atmel Studio\7.0\MicrochipXplainedHorticulture\MicrochipXplainedHorticulture\ArduinoCore\Debug\libArduinoCore.a(Adafruit_seesaw.o)
                0x00002c30                _ZN15Adafruit_seesaw4readEhhPhhj
 .text._ZN15Adafruit_seesaw10getVersionEv
                0x00002d4c       0x48 C:\Users\mpark\DOCUME~1\Atmel Studio\7.0\MicrochipXplainedHorticulture\MicrochipXplainedHorticulture\ArduinoCore\Debug\libArduinoCore.a(Adafruit_seesaw.o)
                0x00002d4c                _ZN15Adafruit_seesaw10getVersionEv
 .text._ZN15Adafruit_seesaw10analogReadEh
                0x00002d94       0x7a C:\Users\mpark\DOCUME~1\Atmel Studio\7.0\MicrochipXplainedHorticulture\MicrochipXplainedHorticulture\ArduinoCore\Debug\libArduinoCore.a(Adafruit_seesaw.o)
                0x00002d94                _ZN15Adafruit_seesaw10analogReadEh
 .text._ZN15Adafruit_seesaw9touchReadEh
                0x00002e0e       0x56 C:\Users\mpark\DOCUME~1\Atmel Studio\7.0\MicrochipXplainedHorticulture\MicrochipXplainedHorticulture\ArduinoCore\Debug\libArduinoCore.a(Adafruit_seesaw.o)
                0x00002e0e                _ZN15Adafruit_seesaw9touchReadEh
 .text._ZN15Adafruit_seesaw5read8Ehhj
                0x00002e64       0x2e C:\Users\mpark\DOCUME~1\Atmel Studio\7.0\MicrochipXplainedHorticulture\MicrochipXplainedHorticulture\ArduinoCore\Debug\libArduinoCore.a(Adafruit_seesaw.o)
                0x00002e64                _ZN15Adafruit_seesaw5read8Ehhj
 .text._ZN15Adafruit_seesaw5writeEhhPhh
                0x00002e92       0x88 C:\Users\mpark\DOCUME~1\Atmel Studio\7.0\MicrochipXplainedHorticulture\MicrochipXplainedHorticulture\ArduinoCore\Debug\libArduinoCore.a(Adafruit_seesaw.o)
                0x00002e92                _ZN15Adafruit_seesaw5writeEhhPhh
 .text._ZN15Adafruit_seesaw11analogWriteEhjh
                0x00002f1a       0xbe C:\Users\mpark\DOCUME~1\Atmel Studio\7.0\MicrochipXplainedHorticulture\MicrochipXplainedHorticulture\ArduinoCore\Debug\libArduinoCore.a(Adafruit_seesaw.o)
                0x00002f1a                _ZN15Adafruit_seesaw11analogWriteEhjh
 .text._ZN15Adafruit_seesaw10setPWMFreqEhj
                0x00002fd8       0x46 C:\Users\mpark\DOCUME~1\Atmel Studio\7.0\MicrochipXplainedHorticulture\MicrochipXplainedHorticulture\ArduinoCore\Debug\libArduinoCore.a(Adafruit_seesaw.o)
                0x00002fd8                _ZN15Adafruit_seesaw10setPWMFreqEhj
 .text._ZN15Adafruit_seesaw6write8Ehhh
                0x0000301e       0x24 C:\Users\mpark\DOCUME~1\Atmel Studio\7.0\MicrochipXplainedHorticulture\MicrochipXplainedHorticulture\ArduinoCore\Debug\libArduinoCore.a(Adafruit_seesaw.o)
                0x0000301e                _ZN15Adafruit_seesaw6write8Ehhh
 .text._ZN15Adafruit_seesaw7SWResetEv
                0x00003042        0xa C:\Users\mpark\DOCUME~1\Atmel Studio\7.0\MicrochipXplainedHorticulture\MicrochipXplainedHorticulture\ArduinoCore\Debug\libArduinoCore.a(Adafruit_seesaw.o)
                0x00003042                _ZN15Adafruit_seesaw7SWResetEv
 .text._ZN15Adafruit_seesaw5beginEhab
                0x0000304c       0x56 C:\Users\mpark\DOCUME~1\Atmel Studio\7.0\MicrochipXplainedHorticulture\MicrochipXplainedHorticulture\ArduinoCore\Debug\libArduinoCore.a(Adafruit_seesaw.o)
                0x0000304c                _ZN15Adafruit_seesaw5beginEhab
 .text._ZN15Adafruit_seesaw5writeEh
                0x000030a2       0x1c C:\Users\mpark\DOCUME~1\Atmel Studio\7.0\MicrochipXplainedHorticulture\MicrochipXplainedHorticulture\ArduinoCore\Debug\libArduinoCore.a(Adafruit_seesaw.o)
                0x000030a2                _ZN15Adafruit_seesaw5writeEh
 .text._ZN15Adafruit_seesaw5writeEPKc
                0x000030be       0x70 C:\Users\mpark\DOCUME~1\Atmel Studio\7.0\MicrochipXplainedHorticulture\MicrochipXplainedHorticulture\ArduinoCore\Debug\libArduinoCore.a(Adafruit_seesaw.o)
                0x000030be                _ZN15Adafruit_seesaw5writeEPKc
 .text._ZN12PubSubClient5writeEh
                0x0000312e       0x36 C:\Users\mpark\DOCUME~1\Atmel Studio\7.0\MicrochipXplainedHorticulture\MicrochipXplainedHorticulture\ArduinoCore\Debug\libArduinoCore.a(PubSubClient.o)
                0x0000312e                _ZN12PubSubClient5writeEh
 .text._ZN12PubSubClient5writeEPKhj
                0x00003164       0x46 C:\Users\mpark\DOCUME~1\Atmel Studio\7.0\MicrochipXplainedHorticulture\MicrochipXplainedHorticulture\ArduinoCore\Debug\libArduinoCore.a(PubSubClient.o)
                0x00003164                _ZN12PubSubClient5writeEPKhj
 .text._ZN12PubSubClientC2EPKcjPFvPcPhjER6Client
                0x000031aa       0x74 C:\Users\mpark\DOCUME~1\Atmel Studio\7.0\MicrochipXplainedHorticulture\MicrochipXplainedHorticulture\ArduinoCore\Debug\libArduinoCore.a(PubSubClient.o)
                0x000031aa                _ZN12PubSubClientC1EPKcjPFvPcPhjER6Client
                0x000031aa                _ZN12PubSubClientC2EPKcjPFvPcPhjER6Client
 .text._ZN12PubSubClient8readByteEPh
                0x0000321e       0x7e C:\Users\mpark\DOCUME~1\Atmel Studio\7.0\MicrochipXplainedHorticulture\MicrochipXplainedHorticulture\ArduinoCore\Debug\libArduinoCore.a(PubSubClient.o)
                0x0000321e                _ZN12PubSubClient8readByteEPh
 .text._ZN12PubSubClient8readByteEPhPj
                0x0000329c       0x2e C:\Users\mpark\DOCUME~1\Atmel Studio\7.0\MicrochipXplainedHorticulture\MicrochipXplainedHorticulture\ArduinoCore\Debug\libArduinoCore.a(PubSubClient.o)
                0x0000329c                _ZN12PubSubClient8readByteEPhPj
 .text._ZN12PubSubClient10readPacketEPh
                0x000032ca      0x20a C:\Users\mpark\DOCUME~1\Atmel Studio\7.0\MicrochipXplainedHorticulture\MicrochipXplainedHorticulture\ArduinoCore\Debug\libArduinoCore.a(PubSubClient.o)
                0x000032ca                _ZN12PubSubClient10readPacketEPh
 .text._ZN12PubSubClient11buildHeaderEhPhj
                0x000034d4       0x70 C:\Users\mpark\DOCUME~1\Atmel Studio\7.0\MicrochipXplainedHorticulture\MicrochipXplainedHorticulture\ArduinoCore\Debug\libArduinoCore.a(PubSubClient.o)
                0x000034d4                _ZN12PubSubClient11buildHeaderEhPhj
 .text._ZN12PubSubClient5writeEhPhj
                0x00003544       0x6e C:\Users\mpark\DOCUME~1\Atmel Studio\7.0\MicrochipXplainedHorticulture\MicrochipXplainedHorticulture\ArduinoCore\Debug\libArduinoCore.a(PubSubClient.o)
                0x00003544                _ZN12PubSubClient5writeEhPhj
 .text._ZN12PubSubClient11writeStringEPKcPhj
                0x000035b2       0x3e C:\Users\mpark\DOCUME~1\Atmel Studio\7.0\MicrochipXplainedHorticulture\MicrochipXplainedHorticulture\ArduinoCore\Debug\libArduinoCore.a(PubSubClient.o)
                0x000035b2                _ZN12PubSubClient11writeStringEPKcPhj
 .text._ZN12PubSubClient9connectedEv
                0x000035f0       0x72 C:\Users\mpark\DOCUME~1\Atmel Studio\7.0\MicrochipXplainedHorticulture\MicrochipXplainedHorticulture\ArduinoCore\Debug\libArduinoCore.a(PubSubClient.o)
                0x000035f0                _ZN12PubSubClient9connectedEv
 .text._ZN12PubSubClient7connectEPKcS1_S1_S1_hbS1_b
                0x00003662      0x364 C:\Users\mpark\DOCUME~1\Atmel Studio\7.0\MicrochipXplainedHorticulture\MicrochipXplainedHorticulture\ArduinoCore\Debug\libArduinoCore.a(PubSubClient.o)
                0x00003662                _ZN12PubSubClient7connectEPKcS1_S1_S1_hbS1_b
 .text._ZN12PubSubClient7connectEPKcS1_S1_
                0x000039c6       0x32 C:\Users\mpark\DOCUME~1\Atmel Studio\7.0\MicrochipXplainedHorticulture\MicrochipXplainedHorticulture\ArduinoCore\Debug\libArduinoCore.a(PubSubClient.o)
                0x000039c6                _ZN12PubSubClient7connectEPKcS1_S1_
 .text._ZN12PubSubClient4loopEv
                0x000039f8      0x2fa C:\Users\mpark\DOCUME~1\Atmel Studio\7.0\MicrochipXplainedHorticulture\MicrochipXplainedHorticulture\ArduinoCore\Debug\libArduinoCore.a(PubSubClient.o)
                0x000039f8                _ZN12PubSubClient4loopEv
 .text._ZN12PubSubClient7publishEPKcPKhjb
                0x00003cf2       0xc4 C:\Users\mpark\DOCUME~1\Atmel Studio\7.0\MicrochipXplainedHorticulture\MicrochipXplainedHorticulture\ArduinoCore\Debug\libArduinoCore.a(PubSubClient.o)
                0x00003cf2                _ZN12PubSubClient7publishEPKcPKhjb
 .text._ZN12PubSubClient7publishEPKcS1_
                0x00003db6       0x1c C:\Users\mpark\DOCUME~1\Atmel Studio\7.0\MicrochipXplainedHorticulture\MicrochipXplainedHorticulture\ArduinoCore\Debug\libArduinoCore.a(PubSubClient.o)
                0x00003db6                _ZN12PubSubClient7publishEPKcS1_
 .text._ZN12PubSubClient9subscribeEPKch
                0x00003dd2       0xa6 C:\Users\mpark\DOCUME~1\Atmel Studio\7.0\MicrochipXplainedHorticulture\MicrochipXplainedHorticulture\ArduinoCore\Debug\libArduinoCore.a(PubSubClient.o)
                0x00003dd2                _ZN12PubSubClient9subscribeEPKch
 .text._ZN12PubSubClient5stateEv
                0x00003e78        0xc C:\Users\mpark\DOCUME~1\Atmel Studio\7.0\MicrochipXplainedHorticulture\MicrochipXplainedHorticulture\ArduinoCore\Debug\libArduinoCore.a(PubSubClient.o)
                0x00003e78                _ZN12PubSubClient5stateEv
 .text.startup._GLOBAL__sub_I__ZN12PubSubClientC2Ev
                0x00003e84       0x16 C:\Users\mpark\DOCUME~1\Atmel Studio\7.0\MicrochipXplainedHorticulture\MicrochipXplainedHorticulture\ArduinoCore\Debug\libArduinoCore.a(PubSubClient.o)
 .text._ZN14SoftwareSerial4readEv
                0x00003e9a       0x42 C:\Users\mpark\DOCUME~1\Atmel Studio\7.0\MicrochipXplainedHorticulture\MicrochipXplainedHorticulture\ArduinoCore\Debug\libArduinoCore.a(SoftwareSerial.o)
                0x00003e9a                _ZN14SoftwareSerial4readEv
 .text._ZN14SoftwareSerial5writeEh
                0x00003edc       0xa0 C:\Users\mpark\DOCUME~1\Atmel Studio\7.0\MicrochipXplainedHorticulture\MicrochipXplainedHorticulture\ArduinoCore\Debug\libArduinoCore.a(SoftwareSerial.o)
                0x00003edc                _ZN14SoftwareSerial5writeEh
 .text._ZN14SoftwareSerial5flushEv
                0x00003f7c        0x2 C:\Users\mpark\DOCUME~1\Atmel Studio\7.0\MicrochipXplainedHorticulture\MicrochipXplainedHorticulture\ArduinoCore\Debug\libArduinoCore.a(SoftwareSerial.o)
                0x00003f7c                _ZN14SoftwareSerial5flushEv
 .text._ZN14SoftwareSerial4peekEv
                0x00003f7e       0x30 C:\Users\mpark\DOCUME~1\Atmel Studio\7.0\MicrochipXplainedHorticulture\MicrochipXplainedHorticulture\ArduinoCore\Debug\libArduinoCore.a(SoftwareSerial.o)
                0x00003f7e                _ZN14SoftwareSerial4peekEv
 .text._ZN14SoftwareSerial9availableEv
                0x00003fae       0x30 C:\Users\mpark\DOCUME~1\Atmel Studio\7.0\MicrochipXplainedHorticulture\MicrochipXplainedHorticulture\ArduinoCore\Debug\libArduinoCore.a(SoftwareSerial.o)
                0x00003fae                _ZN14SoftwareSerial9availableEv
 .text._ZN14SoftwareSerial13stopListeningEv
                0x00003fde       0x2c C:\Users\mpark\DOCUME~1\Atmel Studio\7.0\MicrochipXplainedHorticulture\MicrochipXplainedHorticulture\ArduinoCore\Debug\libArduinoCore.a(SoftwareSerial.o)
                0x00003fde                _ZN14SoftwareSerial13stopListeningEv
 .text._ZN14SoftwareSerial6listenEv
                0x0000400a       0x52 C:\Users\mpark\DOCUME~1\Atmel Studio\7.0\MicrochipXplainedHorticulture\MicrochipXplainedHorticulture\ArduinoCore\Debug\libArduinoCore.a(SoftwareSerial.o)
                0x0000400a                _ZN14SoftwareSerial6listenEv
 .text.__vector_3
                0x0000405c       0xf4 C:\Users\mpark\DOCUME~1\Atmel Studio\7.0\MicrochipXplainedHorticulture\MicrochipXplainedHorticulture\ArduinoCore\Debug\libArduinoCore.a(SoftwareSerial.o)
                0x0000405c                __vector_5
                0x0000405c                __vector_4
                0x0000405c                __vector_3
 .text._ZN14SoftwareSerialD2Ev
                0x00004150        0xe C:\Users\mpark\DOCUME~1\Atmel Studio\7.0\MicrochipXplainedHorticulture\MicrochipXplainedHorticulture\ArduinoCore\Debug\libArduinoCore.a(SoftwareSerial.o)
                0x00004150                _ZN14SoftwareSerialD1Ev
                0x00004150                _ZN14SoftwareSerialD2Ev
 .text._ZN14SoftwareSerial5setTXEh
                0x0000415e       0x52 C:\Users\mpark\DOCUME~1\Atmel Studio\7.0\MicrochipXplainedHorticulture\MicrochipXplainedHorticulture\ArduinoCore\Debug\libArduinoCore.a(SoftwareSerial.o)
                0x0000415e                _ZN14SoftwareSerial5setTXEh
 .text._ZN14SoftwareSerial5setRXEh
                0x000041b0       0x52 C:\Users\mpark\DOCUME~1\Atmel Studio\7.0\MicrochipXplainedHorticulture\MicrochipXplainedHorticulture\ArduinoCore\Debug\libArduinoCore.a(SoftwareSerial.o)
                0x000041b0                _ZN14SoftwareSerial5setRXEh
 .text._ZN14SoftwareSerialC2Ehhb
                0x00004202       0x56 C:\Users\mpark\DOCUME~1\Atmel Studio\7.0\MicrochipXplainedHorticulture\MicrochipXplainedHorticulture\ArduinoCore\Debug\libArduinoCore.a(SoftwareSerial.o)
                0x00004202                _ZN14SoftwareSerialC1Ehhb
                0x00004202                _ZN14SoftwareSerialC2Ehhb
 .text._ZN14SoftwareSerial5beginEl
                0x00004258      0x11c C:\Users\mpark\DOCUME~1\Atmel Studio\7.0\MicrochipXplainedHorticulture\MicrochipXplainedHorticulture\ArduinoCore\Debug\libArduinoCore.a(SoftwareSerial.o)
                0x00004258                _ZN14SoftwareSerial5beginEl
 .text._ZN8SPIClass5beginEv
                0x00004374       0x6c C:\Users\mpark\DOCUME~1\Atmel Studio\7.0\MicrochipXplainedHorticulture\MicrochipXplainedHorticulture\ArduinoCore\Debug\libArduinoCore.a(SPI.o)
                0x00004374                _ZN8SPIClass5beginEv
 .text._ZN12WiFiEspClass4initEP6Stream
                0x000043e0       0x28 C:\Users\mpark\DOCUME~1\Atmel Studio\7.0\MicrochipXplainedHorticulture\MicrochipXplainedHorticulture\ArduinoCore\Debug\libArduinoCore.a(WiFiEsp.o)
                0x000043e0                _ZN12WiFiEspClass4initEP6Stream
 .text._ZN12WiFiEspClass5beginEPKcS1_
                0x00004408       0x1e C:\Users\mpark\DOCUME~1\Atmel Studio\7.0\MicrochipXplainedHorticulture\MicrochipXplainedHorticulture\ArduinoCore\Debug\libArduinoCore.a(WiFiEsp.o)
                0x00004408                _ZN12WiFiEspClass5beginEPKcS1_
 .text._ZN12WiFiEspClass6statusEv
                0x00004426        0x4 C:\Users\mpark\DOCUME~1\Atmel Studio\7.0\MicrochipXplainedHorticulture\MicrochipXplainedHorticulture\ArduinoCore\Debug\libArduinoCore.a(WiFiEsp.o)
                0x00004426                _ZN12WiFiEspClass6statusEv
 .text._ZN12WiFiEspClass13getFreeSocketEv
                0x0000442a       0x1a C:\Users\mpark\DOCUME~1\Atmel Studio\7.0\MicrochipXplainedHorticulture\MicrochipXplainedHorticulture\ArduinoCore\Debug\libArduinoCore.a(WiFiEsp.o)
                0x0000442a                _ZN12WiFiEspClass13getFreeSocketEv
 .text._ZN12WiFiEspClass14allocateSocketEh
                0x00004444       0x12 C:\Users\mpark\DOCUME~1\Atmel Studio\7.0\MicrochipXplainedHorticulture\MicrochipXplainedHorticulture\ArduinoCore\Debug\libArduinoCore.a(WiFiEsp.o)
                0x00004444                _ZN12WiFiEspClass14allocateSocketEh
 .text._ZN12WiFiEspClass13releaseSocketEh
                0x00004456       0x16 C:\Users\mpark\DOCUME~1\Atmel Studio\7.0\MicrochipXplainedHorticulture\MicrochipXplainedHorticulture\ArduinoCore\Debug\libArduinoCore.a(WiFiEsp.o)
                0x00004456                _ZN12WiFiEspClass13releaseSocketEh
 .text.startup._GLOBAL__sub_I__ZN12WiFiEspClass6_stateE
                0x0000446c       0x16 C:\Users\mpark\DOCUME~1\Atmel Studio\7.0\MicrochipXplainedHorticulture\MicrochipXplainedHorticulture\ArduinoCore\Debug\libArduinoCore.a(WiFiEsp.o)
 .text._ZN13WiFiEspClient5writeEh
                0x00004482       0x2c C:\Users\mpark\DOCUME~1\Atmel Studio\7.0\MicrochipXplainedHorticulture\MicrochipXplainedHorticulture\ArduinoCore\Debug\libArduinoCore.a(WiFiEspClient.o)
                0x00004482                _ZN13WiFiEspClient5writeEh
 .text._ZN13WiFiEspClient5flushEv
                0x000044ae       0x2e C:\Users\mpark\DOCUME~1\Atmel Studio\7.0\MicrochipXplainedHorticulture\MicrochipXplainedHorticulture\ArduinoCore\Debug\libArduinoCore.a(WiFiEspClient.o)
                0x000044ae                _ZN13WiFiEspClient5flushEv
 .text._ZN13WiFiEspClientcvbEv
                0x000044dc       0x10 C:\Users\mpark\DOCUME~1\Atmel Studio\7.0\MicrochipXplainedHorticulture\MicrochipXplainedHorticulture\ArduinoCore\Debug\libArduinoCore.a(WiFiEspClient.o)
                0x000044dc                _ZN13WiFiEspClientcvbEv
 .text._ZN13WiFiEspClient9availableEv
                0x000044ec       0x16 C:\Users\mpark\DOCUME~1\Atmel Studio\7.0\MicrochipXplainedHorticulture\MicrochipXplainedHorticulture\ArduinoCore\Debug\libArduinoCore.a(WiFiEspClient.o)
                0x000044ec                _ZN13WiFiEspClient9availableEv
 .text._ZN13WiFiEspClient4readEv
                0x00004502       0x68 C:\Users\mpark\DOCUME~1\Atmel Studio\7.0\MicrochipXplainedHorticulture\MicrochipXplainedHorticulture\ArduinoCore\Debug\libArduinoCore.a(WiFiEspClient.o)
                0x00004502                _ZN13WiFiEspClient4readEv
 .text._ZN13WiFiEspClient4peekEv
                0x0000456a       0x68 C:\Users\mpark\DOCUME~1\Atmel Studio\7.0\MicrochipXplainedHorticulture\MicrochipXplainedHorticulture\ArduinoCore\Debug\libArduinoCore.a(WiFiEspClient.o)
                0x0000456a                _ZN13WiFiEspClient4peekEv
 .text._ZN13WiFiEspClient4readEPhj
                0x000045d2       0x4a C:\Users\mpark\DOCUME~1\Atmel Studio\7.0\MicrochipXplainedHorticulture\MicrochipXplainedHorticulture\ArduinoCore\Debug\libArduinoCore.a(WiFiEspClient.o)
                0x000045d2                _ZN13WiFiEspClient4readEPhj
 .text._ZN13WiFiEspClient5writeEPKhj
                0x0000461c       0x90 C:\Users\mpark\DOCUME~1\Atmel Studio\7.0\MicrochipXplainedHorticulture\MicrochipXplainedHorticulture\ArduinoCore\Debug\libArduinoCore.a(WiFiEspClient.o)
                0x0000461c                _ZN13WiFiEspClient5writeEPKhj
 .text._ZN13WiFiEspClient4stopEv
                0x000046ac       0x56 C:\Users\mpark\DOCUME~1\Atmel Studio\7.0\MicrochipXplainedHorticulture\MicrochipXplainedHorticulture\ArduinoCore\Debug\libArduinoCore.a(WiFiEspClient.o)
                0x000046ac                _ZN13WiFiEspClient4stopEv
 .text._ZN13WiFiEspClientC2Ev
                0x00004702       0x24 C:\Users\mpark\DOCUME~1\Atmel Studio\7.0\MicrochipXplainedHorticulture\MicrochipXplainedHorticulture\ArduinoCore\Debug\libArduinoCore.a(WiFiEspClient.o)
                0x00004702                _ZN13WiFiEspClientC1Ev
                0x00004702                _ZN13WiFiEspClientC2Ev
 .text._ZN13WiFiEspClient7connectEPKcjh
                0x00004726       0x96 C:\Users\mpark\DOCUME~1\Atmel Studio\7.0\MicrochipXplainedHorticulture\MicrochipXplainedHorticulture\ArduinoCore\Debug\libArduinoCore.a(WiFiEspClient.o)
                0x00004726                _ZN13WiFiEspClient7connectEPKcjh
 .text._ZN13WiFiEspClient7connectEPKcj
                0x000047bc        0x6 C:\Users\mpark\DOCUME~1\Atmel Studio\7.0\MicrochipXplainedHorticulture\MicrochipXplainedHorticulture\ArduinoCore\Debug\libArduinoCore.a(WiFiEspClient.o)
                0x000047bc                _ZN13WiFiEspClient7connectEPKcj
 .text._ZN13WiFiEspClient7connectE9IPAddressj
                0x000047c2       0x88 C:\Users\mpark\DOCUME~1\Atmel Studio\7.0\MicrochipXplainedHorticulture\MicrochipXplainedHorticulture\ArduinoCore\Debug\libArduinoCore.a(WiFiEspClient.o)
                0x000047c2                _ZN13WiFiEspClient7connectE9IPAddressj
 .text._ZN13WiFiEspClient6statusEv
                0x0000484a       0x3e C:\Users\mpark\DOCUME~1\Atmel Studio\7.0\MicrochipXplainedHorticulture\MicrochipXplainedHorticulture\ArduinoCore\Debug\libArduinoCore.a(WiFiEspClient.o)
                0x0000484a                _ZN13WiFiEspClient6statusEv
 .text._ZN13WiFiEspClient9connectedEv
                0x00004888       0x10 C:\Users\mpark\DOCUME~1\Atmel Studio\7.0\MicrochipXplainedHorticulture\MicrochipXplainedHorticulture\ArduinoCore\Debug\libArduinoCore.a(WiFiEspClient.o)
                0x00004888                _ZN13WiFiEspClient9connectedEv
 .text.startup._GLOBAL__sub_I__ZN13WiFiEspClientC2Ev
                0x00004898       0x16 C:\Users\mpark\DOCUME~1\Atmel Studio\7.0\MicrochipXplainedHorticulture\MicrochipXplainedHorticulture\ArduinoCore\Debug\libArduinoCore.a(WiFiEspClient.o)
 .text._ZN7TwoWire9availableEv
                0x000048ae       0x10 C:\Users\mpark\DOCUME~1\Atmel Studio\7.0\MicrochipXplainedHorticulture\MicrochipXplainedHorticulture\ArduinoCore\Debug\libArduinoCore.a(Wire.o)
                0x000048ae                _ZN7TwoWire9availableEv
 .text._ZN7TwoWire4readEv
                0x000048be       0x28 C:\Users\mpark\DOCUME~1\Atmel Studio\7.0\MicrochipXplainedHorticulture\MicrochipXplainedHorticulture\ArduinoCore\Debug\libArduinoCore.a(Wire.o)
                0x000048be                _ZN7TwoWire4readEv
 .text._ZN7TwoWire4peekEv
                0x000048e6       0x1e C:\Users\mpark\DOCUME~1\Atmel Studio\7.0\MicrochipXplainedHorticulture\MicrochipXplainedHorticulture\ArduinoCore\Debug\libArduinoCore.a(Wire.o)
                0x000048e6                _ZN7TwoWire4peekEv
 .text._ZN7TwoWire5flushEv
                0x00004904        0x2 C:\Users\mpark\DOCUME~1\Atmel Studio\7.0\MicrochipXplainedHorticulture\MicrochipXplainedHorticulture\ArduinoCore\Debug\libArduinoCore.a(Wire.o)
                0x00004904                _ZN7TwoWire5flushEv
 .text._ZN7TwoWire16onReceiveServiceEPhi
                0x00004906       0x54 C:\Users\mpark\DOCUME~1\Atmel Studio\7.0\MicrochipXplainedHorticulture\MicrochipXplainedHorticulture\ArduinoCore\Debug\libArduinoCore.a(Wire.o)
                0x00004906                _ZN7TwoWire16onReceiveServiceEPhi
 .text._ZN7TwoWire16onRequestServiceEv
                0x0000495a       0x18 C:\Users\mpark\DOCUME~1\Atmel Studio\7.0\MicrochipXplainedHorticulture\MicrochipXplainedHorticulture\ArduinoCore\Debug\libArduinoCore.a(Wire.o)
                0x0000495a                _ZN7TwoWire16onRequestServiceEv
 .text._ZN7TwoWire5writeEPKhj
                0x00004972       0x5a C:\Users\mpark\DOCUME~1\Atmel Studio\7.0\MicrochipXplainedHorticulture\MicrochipXplainedHorticulture\ArduinoCore\Debug\libArduinoCore.a(Wire.o)
                0x00004972                _ZN7TwoWire5writeEPKhj
 .text._ZN7TwoWire5writeEh
                0x000049cc       0x5e C:\Users\mpark\DOCUME~1\Atmel Studio\7.0\MicrochipXplainedHorticulture\MicrochipXplainedHorticulture\ArduinoCore\Debug\libArduinoCore.a(Wire.o)
                0x000049cc                _ZN7TwoWire5writeEh
 .text._ZN7TwoWireC2Ev
                0x00004a2a       0x20 C:\Users\mpark\DOCUME~1\Atmel Studio\7.0\MicrochipXplainedHorticulture\MicrochipXplainedHorticulture\ArduinoCore\Debug\libArduinoCore.a(Wire.o)
                0x00004a2a                _ZN7TwoWireC1Ev
                0x00004a2a                _ZN7TwoWireC2Ev
 .text._ZN7TwoWire5beginEv
                0x00004a4a       0x24 C:\Users\mpark\DOCUME~1\Atmel Studio\7.0\MicrochipXplainedHorticulture\MicrochipXplainedHorticulture\ArduinoCore\Debug\libArduinoCore.a(Wire.o)
                0x00004a4a                _ZN7TwoWire5beginEv
 .text._ZN7TwoWire17beginTransmissionEh
                0x00004a6e       0x14 C:\Users\mpark\DOCUME~1\Atmel Studio\7.0\MicrochipXplainedHorticulture\MicrochipXplainedHorticulture\ArduinoCore\Debug\libArduinoCore.a(Wire.o)
                0x00004a6e                _ZN7TwoWire17beginTransmissionEh
 .text._ZN7TwoWire15endTransmissionEh
                0x00004a82       0x26 C:\Users\mpark\DOCUME~1\Atmel Studio\7.0\MicrochipXplainedHorticulture\MicrochipXplainedHorticulture\ArduinoCore\Debug\libArduinoCore.a(Wire.o)
                0x00004a82                _ZN7TwoWire15endTransmissionEh
 .text._ZN7TwoWire11requestFromEhhmhh
                0x00004aa8       0xa8 C:\Users\mpark\DOCUME~1\Atmel Studio\7.0\MicrochipXplainedHorticulture\MicrochipXplainedHorticulture\ArduinoCore\Debug\libArduinoCore.a(Wire.o)
                0x00004aa8                _ZN7TwoWire11requestFromEhhmhh
 .text._ZN7TwoWire11requestFromEhhh
                0x00004b50       0x20 C:\Users\mpark\DOCUME~1\Atmel Studio\7.0\MicrochipXplainedHorticulture\MicrochipXplainedHorticulture\ArduinoCore\Debug\libArduinoCore.a(Wire.o)
                0x00004b50                _ZN7TwoWire11requestFromEhhh
 .text._ZN7TwoWire11requestFromEhh
                0x00004b70        0x6 C:\Users\mpark\DOCUME~1\Atmel Studio\7.0\MicrochipXplainedHorticulture\MicrochipXplainedHorticulture\ArduinoCore\Debug\libArduinoCore.a(Wire.o)
                0x00004b70                _ZN7TwoWire11requestFromEhh
 .text._ZN7TwoWire15endTransmissionEv
                0x00004b76        0x6 C:\Users\mpark\DOCUME~1\Atmel Studio\7.0\MicrochipXplainedHorticulture\MicrochipXplainedHorticulture\ArduinoCore\Debug\libArduinoCore.a(Wire.o)
                0x00004b76                _ZN7TwoWire15endTransmissionEv
 .text.startup._GLOBAL__sub_I__ZN7TwoWire8rxBufferE
                0x00004b7c        0x8 C:\Users\mpark\DOCUME~1\Atmel Studio\7.0\MicrochipXplainedHorticulture\MicrochipXplainedHorticulture\ArduinoCore\Debug\libArduinoCore.a(Wire.o)
 .text._ZN10co2_sensorC2Ev
                0x00004b84        0x2 C:\Users\mpark\DOCUME~1\Atmel Studio\7.0\MicrochipXplainedHorticulture\MicrochipXplainedHorticulture\ArduinoCore\Debug\libArduinoCore.a(co2_sensor.o)
                0x00004b84                _ZN10co2_sensorC2Ev
                0x00004b84                _ZN10co2_sensorC1Ev
 .text._ZN10co2_sensor5beginEi
                0x00004b86       0x12 C:\Users\mpark\DOCUME~1\Atmel Studio\7.0\MicrochipXplainedHorticulture\MicrochipXplainedHorticulture\ArduinoCore\Debug\libArduinoCore.a(co2_sensor.o)
                0x00004b86                _ZN10co2_sensor5beginEi
 .text._ZN10co2_sensor12readCO2levelEv
                0x00004b98       0xe2 C:\Users\mpark\DOCUME~1\Atmel Studio\7.0\MicrochipXplainedHorticulture\MicrochipXplainedHorticulture\ArduinoCore\Debug\libArduinoCore.a(co2_sensor.o)
                0x00004b98                _ZN10co2_sensor12readCO2levelEv
 .text.__empty  0x00004c7a        0x2 C:\Users\mpark\DOCUME~1\Atmel Studio\7.0\MicrochipXplainedHorticulture\MicrochipXplainedHorticulture\ArduinoCore\Debug\libArduinoCore.a(hooks.o)
                0x00004c7a                yield
 .text._Z3maplllll
                0x00004c7c       0x82 C:\Users\mpark\DOCUME~1\Atmel Studio\7.0\MicrochipXplainedHorticulture\MicrochipXplainedHorticulture\ArduinoCore\Debug\libArduinoCore.a(WMath.o)
                0x00004c7c                _Z3maplllll
 .text._ZN6EspDrv9availDataEh
                0x00004cfe      0x1c6 C:\Users\mpark\DOCUME~1\Atmel Studio\7.0\MicrochipXplainedHorticulture\MicrochipXplainedHorticulture\ArduinoCore\Debug\libArduinoCore.a(EspDrv.o)
                0x00004cfe                _ZN6EspDrv9availDataEh
 .text._ZN6EspDrv9readUntilEiPKcb
                0x00004ec4      0x146 C:\Users\mpark\DOCUME~1\Atmel Studio\7.0\MicrochipXplainedHorticulture\MicrochipXplainedHorticulture\ArduinoCore\Debug\libArduinoCore.a(EspDrv.o)
                0x00004ec4                _ZN6EspDrv9readUntilEiPKcb
 .text._ZN6EspDrv7getDataEhPhbPb
                0x0000500a      0x1b8 C:\Users\mpark\DOCUME~1\Atmel Studio\7.0\MicrochipXplainedHorticulture\MicrochipXplainedHorticulture\ArduinoCore\Debug\libArduinoCore.a(EspDrv.o)
                0x0000500a                _ZN6EspDrv7getDataEhPhbPb
 .text._ZN6EspDrv8sendDataEhPKhj
                0x000051c2       0xe8 C:\Users\mpark\DOCUME~1\Atmel Studio\7.0\MicrochipXplainedHorticulture\MicrochipXplainedHorticulture\ArduinoCore\Debug\libArduinoCore.a(EspDrv.o)
                0x000051c2                _ZN6EspDrv8sendDataEhPKhj
 .text._ZN6EspDrv11espEmptyBufEb
                0x000052aa       0x36 C:\Users\mpark\DOCUME~1\Atmel Studio\7.0\MicrochipXplainedHorticulture\MicrochipXplainedHorticulture\ArduinoCore\Debug\libArduinoCore.a(EspDrv.o)
                0x000052aa                _ZN6EspDrv11espEmptyBufEb
 .text._ZN6EspDrv10sendCmdGetEPK19__FlashStringHelperPKcS4_Pci
                0x000052e0       0xd4 C:\Users\mpark\DOCUME~1\Atmel Studio\7.0\MicrochipXplainedHorticulture\MicrochipXplainedHorticulture\ArduinoCore\Debug\libArduinoCore.a(EspDrv.o)
                0x000052e0                _ZN6EspDrv10sendCmdGetEPK19__FlashStringHelperPKcS4_Pci
 .text._ZN6EspDrv14getClientStateEh
                0x000053b4       0x74 C:\Users\mpark\DOCUME~1\Atmel Studio\7.0\MicrochipXplainedHorticulture\MicrochipXplainedHorticulture\ArduinoCore\Debug\libArduinoCore.a(EspDrv.o)
                0x000053b4                _ZN6EspDrv14getClientStateEh
 .text._ZN6EspDrv10sendCmdGetEPK19__FlashStringHelperS2_S2_Pci
                0x00005428       0xb8 C:\Users\mpark\DOCUME~1\Atmel Studio\7.0\MicrochipXplainedHorticulture\MicrochipXplainedHorticulture\ArduinoCore\Debug\libArduinoCore.a(EspDrv.o)
                0x00005428                _ZN6EspDrv10sendCmdGetEPK19__FlashStringHelperS2_S2_Pci
 .text._ZN6EspDrv19getConnectionStatusEv
                0x000054e0       0x72 C:\Users\mpark\DOCUME~1\Atmel Studio\7.0\MicrochipXplainedHorticulture\MicrochipXplainedHorticulture\ArduinoCore\Debug\libArduinoCore.a(EspDrv.o)
                0x000054e0                _ZN6EspDrv19getConnectionStatusEv
 .text._ZN6EspDrv12getFwVersionEv
                0x00005552       0x2a C:\Users\mpark\DOCUME~1\Atmel Studio\7.0\MicrochipXplainedHorticulture\MicrochipXplainedHorticulture\ArduinoCore\Debug\libArduinoCore.a(EspDrv.o)
                0x00005552                _ZN6EspDrv12getFwVersionEv
 .text._ZN6EspDrv7sendCmdEPK19__FlashStringHelperi
                0x0000557c       0x34 C:\Users\mpark\DOCUME~1\Atmel Studio\7.0\MicrochipXplainedHorticulture\MicrochipXplainedHorticulture\ArduinoCore\Debug\libArduinoCore.a(EspDrv.o)
                0x0000557c                _ZN6EspDrv7sendCmdEPK19__FlashStringHelperi
 .text._ZN6EspDrv5resetEv
                0x000055b0       0x7e C:\Users\mpark\DOCUME~1\Atmel Studio\7.0\MicrochipXplainedHorticulture\MicrochipXplainedHorticulture\ArduinoCore\Debug\libArduinoCore.a(EspDrv.o)
                0x000055b0                _ZN6EspDrv5resetEv
 .text._ZN6EspDrv14wifiDriverInitEP6Stream
                0x0000562e       0xe0 C:\Users\mpark\DOCUME~1\Atmel Studio\7.0\MicrochipXplainedHorticulture\MicrochipXplainedHorticulture\ArduinoCore\Debug\libArduinoCore.a(EspDrv.o)
                0x0000562e                _ZN6EspDrv14wifiDriverInitEP6Stream
 .text._ZN6EspDrv7sendCmdEPK19__FlashStringHelperiz
                0x0000570e       0x76 C:\Users\mpark\DOCUME~1\Atmel Studio\7.0\MicrochipXplainedHorticulture\MicrochipXplainedHorticulture\ArduinoCore\Debug\libArduinoCore.a(EspDrv.o)
                0x0000570e                _ZN6EspDrv7sendCmdEPK19__FlashStringHelperiz
 .text._ZN6EspDrv11startClientEPKcjhh
                0x00005784       0xda C:\Users\mpark\DOCUME~1\Atmel Studio\7.0\MicrochipXplainedHorticulture\MicrochipXplainedHorticulture\ArduinoCore\Debug\libArduinoCore.a(EspDrv.o)
                0x00005784                _ZN6EspDrv11startClientEPKcjhh
 .text._ZN6EspDrv10stopClientEh
                0x0000585e       0x26 C:\Users\mpark\DOCUME~1\Atmel Studio\7.0\MicrochipXplainedHorticulture\MicrochipXplainedHorticulture\ArduinoCore\Debug\libArduinoCore.a(EspDrv.o)
                0x0000585e                _ZN6EspDrv10stopClientEh
 .text._ZN6EspDrv11wifiConnectEPKcS1_
                0x00005884       0xb4 C:\Users\mpark\DOCUME~1\Atmel Studio\7.0\MicrochipXplainedHorticulture\MicrochipXplainedHorticulture\ArduinoCore\Debug\libArduinoCore.a(EspDrv.o)
                0x00005884                _ZN6EspDrv11wifiConnectEPKcS1_
 .text._ZN6EspDrv9timedReadEv
                0x00005938       0x52 C:\Users\mpark\DOCUME~1\Atmel Studio\7.0\MicrochipXplainedHorticulture\MicrochipXplainedHorticulture\ArduinoCore\Debug\libArduinoCore.a(EspDrv.o)
                0x00005938                _ZN6EspDrv9timedReadEv
 .text._ZN6EspDrv10getDataBufEhPhj
                0x0000598a       0xa0 C:\Users\mpark\DOCUME~1\Atmel Studio\7.0\MicrochipXplainedHorticulture\MicrochipXplainedHorticulture\ArduinoCore\Debug\libArduinoCore.a(EspDrv.o)
                0x0000598a                _ZN6EspDrv10getDataBufEhPhj
 .text.startup._GLOBAL__sub_I_ESPTAGS
                0x00005a2a       0x20 C:\Users\mpark\DOCUME~1\Atmel Studio\7.0\MicrochipXplainedHorticulture\MicrochipXplainedHorticulture\ArduinoCore\Debug\libArduinoCore.a(EspDrv.o)
 .text.exit._GLOBAL__sub_D_ESPTAGS
                0x00005a4a        0x8 C:\Users\mpark\DOCUME~1\Atmel Studio\7.0\MicrochipXplainedHorticulture\MicrochipXplainedHorticulture\ArduinoCore\Debug\libArduinoCore.a(EspDrv.o)
 .text._ZN10RingBufferD2Ev
                0x00005a52        0x2 C:\Users\mpark\DOCUME~1\Atmel Studio\7.0\MicrochipXplainedHorticulture\MicrochipXplainedHorticulture\ArduinoCore\Debug\libArduinoCore.a(RingBuffer.o)
                0x00005a52                _ZN10RingBufferD1Ev
                0x00005a52                _ZN10RingBufferD2Ev
 .text._ZN10RingBuffer5resetEv
                0x00005a54        0xc C:\Users\mpark\DOCUME~1\Atmel Studio\7.0\MicrochipXplainedHorticulture\MicrochipXplainedHorticulture\ArduinoCore\Debug\libArduinoCore.a(RingBuffer.o)
                0x00005a54                _ZN10RingBuffer5resetEv
 .text._ZN10RingBuffer4initEv
                0x00005a60       0x1a C:\Users\mpark\DOCUME~1\Atmel Studio\7.0\MicrochipXplainedHorticulture\MicrochipXplainedHorticulture\ArduinoCore\Debug\libArduinoCore.a(RingBuffer.o)
                0x00005a60                _ZN10RingBuffer4initEv
 .text._ZN10RingBufferC2Ej
                0x00005a7a       0x36 C:\Users\mpark\DOCUME~1\Atmel Studio\7.0\MicrochipXplainedHorticulture\MicrochipXplainedHorticulture\ArduinoCore\Debug\libArduinoCore.a(RingBuffer.o)
                0x00005a7a                _ZN10RingBufferC2Ej
                0x00005a7a                _ZN10RingBufferC1Ej
 .text._ZN10RingBuffer4pushEc
                0x00005ab0       0x26 C:\Users\mpark\DOCUME~1\Atmel Studio\7.0\MicrochipXplainedHorticulture\MicrochipXplainedHorticulture\ArduinoCore\Debug\libArduinoCore.a(RingBuffer.o)
                0x00005ab0                _ZN10RingBuffer4pushEc
 .text._ZN10RingBuffer8endsWithEPKc
                0x00005ad6       0x72 C:\Users\mpark\DOCUME~1\Atmel Studio\7.0\MicrochipXplainedHorticulture\MicrochipXplainedHorticulture\ArduinoCore\Debug\libArduinoCore.a(RingBuffer.o)
                0x00005ad6                _ZN10RingBuffer8endsWithEPKc
 .text._ZN10RingBuffer7getStrNEPcjj
                0x00005b48       0x26 C:\Users\mpark\DOCUME~1\Atmel Studio\7.0\MicrochipXplainedHorticulture\MicrochipXplainedHorticulture\ArduinoCore\Debug\libArduinoCore.a(RingBuffer.o)
                0x00005b48                _ZN10RingBuffer7getStrNEPcjj
 .text.twi_init
                0x00005b6e       0x3c C:\Users\mpark\DOCUME~1\Atmel Studio\7.0\MicrochipXplainedHorticulture\MicrochipXplainedHorticulture\ArduinoCore\Debug\libArduinoCore.a(twi.o)
                0x00005b6e                twi_init
 .text.twi_readFrom
                0x00005baa       0x90 C:\Users\mpark\DOCUME~1\Atmel Studio\7.0\MicrochipXplainedHorticulture\MicrochipXplainedHorticulture\ArduinoCore\Debug\libArduinoCore.a(twi.o)
                0x00005baa                twi_readFrom
 .text.twi_writeTo
                0x00005c3a       0xac C:\Users\mpark\DOCUME~1\Atmel Studio\7.0\MicrochipXplainedHorticulture\MicrochipXplainedHorticulture\ArduinoCore\Debug\libArduinoCore.a(twi.o)
                0x00005c3a                twi_writeTo
 .text.twi_transmit
                0x00005ce6       0x50 C:\Users\mpark\DOCUME~1\Atmel Studio\7.0\MicrochipXplainedHorticulture\MicrochipXplainedHorticulture\ArduinoCore\Debug\libArduinoCore.a(twi.o)
                0x00005ce6                twi_transmit
 .text.twi_attachSlaveRxEvent
                0x00005d36        0xa C:\Users\mpark\DOCUME~1\Atmel Studio\7.0\MicrochipXplainedHorticulture\MicrochipXplainedHorticulture\ArduinoCore\Debug\libArduinoCore.a(twi.o)
                0x00005d36                twi_attachSlaveRxEvent
 .text.twi_attachSlaveTxEvent
                0x00005d40        0xa C:\Users\mpark\DOCUME~1\Atmel Studio\7.0\MicrochipXplainedHorticulture\MicrochipXplainedHorticulture\ArduinoCore\Debug\libArduinoCore.a(twi.o)
                0x00005d40                twi_attachSlaveTxEvent
 .text.twi_stop
                0x00005d4a       0x14 C:\Users\mpark\DOCUME~1\Atmel Studio\7.0\MicrochipXplainedHorticulture\MicrochipXplainedHorticulture\ArduinoCore\Debug\libArduinoCore.a(twi.o)
                0x00005d4a                twi_stop
 .text.twi_releaseBus
                0x00005d5e        0xc C:\Users\mpark\DOCUME~1\Atmel Studio\7.0\MicrochipXplainedHorticulture\MicrochipXplainedHorticulture\ArduinoCore\Debug\libArduinoCore.a(twi.o)
                0x00005d5e                twi_releaseBus
 .text.__vector_24
                0x00005d6a      0x25a C:\Users\mpark\DOCUME~1\Atmel Studio\7.0\MicrochipXplainedHorticulture\MicrochipXplainedHorticulture\ArduinoCore\Debug\libArduinoCore.a(twi.o)
                0x00005d6a                __vector_24
 .text._Znaj    0x00005fc4        0x4 C:\Users\mpark\DOCUME~1\Atmel Studio\7.0\MicrochipXplainedHorticulture\MicrochipXplainedHorticulture\ArduinoCore\Debug\libArduinoCore.a(new.o)
                0x00005fc4                _Znaj
 .text._ZN6Stream9timedReadEv
                0x00005fc8       0x60 C:\Users\mpark\DOCUME~1\Atmel Studio\7.0\MicrochipXplainedHorticulture\MicrochipXplainedHorticulture\ArduinoCore\Debug\libArduinoCore.a(Stream.o)
                0x00005fc8                _ZN6Stream9timedReadEv
 .text._ZN6Stream9timedPeekEv
                0x00006028       0x60 C:\Users\mpark\DOCUME~1\Atmel Studio\7.0\MicrochipXplainedHorticulture\MicrochipXplainedHorticulture\ArduinoCore\Debug\libArduinoCore.a(Stream.o)
                0x00006028                _ZN6Stream9timedPeekEv
 .text._ZN6Stream13peekNextDigitE13LookaheadModeb
                0x00006088       0x78 C:\Users\mpark\DOCUME~1\Atmel Studio\7.0\MicrochipXplainedHorticulture\MicrochipXplainedHorticulture\ArduinoCore\Debug\libArduinoCore.a(Stream.o)
                0x00006088                _ZN6Stream13peekNextDigitE13LookaheadModeb
 .text._ZN6Stream8parseIntE13LookaheadModec
                0x00006100       0xcc C:\Users\mpark\DOCUME~1\Atmel Studio\7.0\MicrochipXplainedHorticulture\MicrochipXplainedHorticulture\ArduinoCore\Debug\libArduinoCore.a(Stream.o)
                0x00006100                _ZN6Stream8parseIntE13LookaheadModec
 .text._ZN6Stream9findMultiEPNS_11MultiTargetEi
                0x000061cc      0x132 C:\Users\mpark\DOCUME~1\Atmel Studio\7.0\MicrochipXplainedHorticulture\MicrochipXplainedHorticulture\ArduinoCore\Debug\libArduinoCore.a(Stream.o)
                0x000061cc                _ZN6Stream9findMultiEPNS_11MultiTargetEi
 .text._ZN6Stream9findUntilEPcjS0_j.part.0.constprop.1
                0x000062fe       0x4a C:\Users\mpark\DOCUME~1\Atmel Studio\7.0\MicrochipXplainedHorticulture\MicrochipXplainedHorticulture\ArduinoCore\Debug\libArduinoCore.a(Stream.o)
 .text._ZN6Stream4findEPc
                0x00006348       0x14 C:\Users\mpark\DOCUME~1\Atmel Studio\7.0\MicrochipXplainedHorticulture\MicrochipXplainedHorticulture\ArduinoCore\Debug\libArduinoCore.a(Stream.o)
                0x00006348                _ZN6Stream4findEPc
 .text.avr-libc.fplib
                0x0000635c        0xa c:/program files (x86)/atmel/studio/7.0/toolchain/avr8/avr8-gnu-toolchain/bin/../lib/gcc/avr/5.4.0/../../../../avr/lib/avr5\libm.a(cmpsf2.o)
                0x0000635c                __nesf2
                0x0000635c                __eqsf2
                0x0000635c                __cmpsf2
                0x0000635c                __ltsf2
                0x0000635c                __lesf2
 .text.avr-libc.fplib
                0x00006366        0x8 c:/program files (x86)/atmel/studio/7.0/toolchain/avr8/avr8-gnu-toolchain/bin/../lib/gcc/avr/5.4.0/../../../../avr/lib/avr5\libm.a(divsf3.o)
                0x00006366                __divsf3
 .text.avr-libc.fplib
                0x0000636e       0xdc c:/program files (x86)/atmel/studio/7.0/toolchain/avr8/avr8-gnu-toolchain/bin/../lib/gcc/avr/5.4.0/../../../../avr/lib/avr5\libm.a(divsf3x.o)
                0x0000638e                __divsf3x
                0x00006394                __divsf3_pse
 .text.avr-libc.fplib
                0x0000644a       0x5e c:/program files (x86)/atmel/studio/7.0/toolchain/avr8/avr8-gnu-toolchain/bin/../lib/gcc/avr/5.4.0/../../../../avr/lib/avr5\libm.a(fixunssfsi.o)
                0x0000644a                __fixunssfsi
 .text.avr-libc.fplib
                0x000064a8       0x48 c:/program files (x86)/atmel/studio/7.0/toolchain/avr8/avr8-gnu-toolchain/bin/../lib/gcc/avr/5.4.0/../../../../avr/lib/avr5\libm.a(fp_cmp.o)
                0x000064a8                __fp_cmp
 .text.avr-libc.fplib
                0x000064f0        0xa c:/program files (x86)/atmel/studio/7.0/toolchain/avr8/avr8-gnu-toolchain/bin/../lib/gcc/avr/5.4.0/../../../../avr/lib/avr5\libm.a(gesf2.o)
                0x000064f0                __gesf2
                0x000064f0                __gtsf2
 .text.avr-libc.fplib
                0x000064fa        0xa c:/program files (x86)/atmel/studio/7.0/toolchain/avr8/avr8-gnu-toolchain/bin/../lib/gcc/avr/5.4.0/../../../../avr/lib/avr5\libm.a(unordsf2.o)
                0x000064fa                __unordsf2
 .text.libgcc.mul
                0x00006504       0x20 c:/program files (x86)/atmel/studio/7.0/toolchain/avr8/avr8-gnu-toolchain/bin/../lib/gcc/avr/5.4.0/avr5\libgcc.a(_mulsi3.o)
                0x00006504                __mulsi3
 .text.libgcc.div
                0x00006524       0x28 c:/program files (x86)/atmel/studio/7.0/toolchain/avr8/avr8-gnu-toolchain/bin/../lib/gcc/avr/5.4.0/avr5\libgcc.a(_divmodhi4.o)
                0x00006524                _div
                0x00006524                __divmodhi4
 .text.libgcc.div
                0x0000654c       0x44 c:/program files (x86)/atmel/studio/7.0/toolchain/avr8/avr8-gnu-toolchain/bin/../lib/gcc/avr/5.4.0/avr5\libgcc.a(_udivmodsi4.o)
                0x0000654c                __udivmodsi4
 .text.libgcc.div
                0x00006590       0x2e c:/program files (x86)/atmel/studio/7.0/toolchain/avr8/avr8-gnu-toolchain/bin/../lib/gcc/avr/5.4.0/avr5\libgcc.a(_divmodsi4.o)
                0x00006590                __divmodsi4
 .text.libgcc.div
                0x000065be       0x10 c:/program files (x86)/atmel/studio/7.0/toolchain/avr8/avr8-gnu-toolchain/bin/../lib/gcc/avr/5.4.0/avr5\libgcc.a(_negsi2.o)
                0x000065be                __negsi2
 .text.libgcc.builtins
                0x000065ce        0xe c:/program files (x86)/atmel/studio/7.0/toolchain/avr8/avr8-gnu-toolchain/bin/../lib/gcc/avr/5.4.0/avr5\libgcc.a(_bswapsi2.o)
                0x000065ce                __bswapsi2
 .text.libgcc.mul
                0x000065dc       0x16 c:/program files (x86)/atmel/studio/7.0/toolchain/avr8/avr8-gnu-toolchain/bin/../lib/gcc/avr/5.4.0/avr5\libgcc.a(_muluhisi3.o)
                0x000065dc                __muluhisi3
 .text.libgcc.mul
                0x000065f2       0x10 c:/program files (x86)/atmel/studio/7.0/toolchain/avr8/avr8-gnu-toolchain/bin/../lib/gcc/avr/5.4.0/avr5\libgcc.a(_mulshisi3.o)
                0x000065f2                __mulshisi3
                0x000065f8                __mulohisi3
 .text.libgcc.prologue
                0x00006602       0x38 c:/program files (x86)/atmel/studio/7.0/toolchain/avr8/avr8-gnu-toolchain/bin/../lib/gcc/avr/5.4.0/avr5\libgcc.a(_prologue.o)
                0x00006602                __prologue_saves__
 .text.libgcc.prologue
                0x0000663a       0x36 c:/program files (x86)/atmel/studio/7.0/toolchain/avr8/avr8-gnu-toolchain/bin/../lib/gcc/avr/5.4.0/avr5\libgcc.a(_epilogue.o)
                0x0000663a                __epilogue_restores__
 .text.libgcc.div
                0x00006670       0x28 c:/program files (x86)/atmel/studio/7.0/toolchain/avr8/avr8-gnu-toolchain/bin/../lib/gcc/avr/5.4.0/avr5\libgcc.a(_udivmodhi4.o)
                0x00006670                __udivmodhi4
 .text.libgcc   0x00006698        0xc c:/program files (x86)/atmel/studio/7.0/toolchain/avr8/avr8-gnu-toolchain/bin/../lib/gcc/avr/5.4.0/avr5\libgcc.a(_tablejump2.o)